 VoiceChannel

 Timestamp is 64ad0fe9 (Tue Jul 11 17:16:41 2023)

 Preferred load address is 00400000

 Start         Length     Name                   Class
 0001:00000000 000001a0H .text$di                CODE
 0001:000001a0 0000da10H .text$mn                CODE
 0001:0000dbb0 000009b0H .text$x                 CODE
 0001:0000e560 0000009fH .text$yd                CODE
 0002:00000000 00000860H .idata$5                DATA
 0002:00000860 00000008H .00cfg                  DATA
 0002:00000868 00000004H .CRT$XCA                DATA
 0002:0000086c 00000004H .CRT$XCAA               DATA
 0002:00000870 00000008H .CRT$XCL                DATA
 0002:00000878 00000020H .CRT$XCU                DATA
 0002:00000898 00000004H .CRT$XCZ                DATA
 0002:0000089c 00000004H .CRT$XIA                DATA
 0002:000008a0 00000004H .CRT$XIAA               DATA
 0002:000008a4 00000004H .CRT$XIAC               DATA
 0002:000008a8 00000004H .CRT$XIC                DATA
 0002:000008ac 00000004H .CRT$XIZ                DATA
 0002:000008b0 00000004H .CRT$XLA                DATA
 0002:000008b4 00000004H .CRT$XLZ                DATA
 0002:000008b8 00000004H .CRT$XPA                DATA
 0002:000008bc 00000004H .CRT$XPZ                DATA
 0002:000008c0 00000004H .CRT$XTA                DATA
 0002:000008c4 00000004H .CRT$XTZ                DATA
 0002:000008c8 00000000H .gfids$y                DATA
 0002:000008c8 00000000H .giats$y                DATA
 0002:000008c8 00001df8H .rdata                  DATA
 0002:000026c0 00000000H .rdata$CastGuardVftablesA DATA
 0002:000026c0 00000000H .rdata$CastGuardVftablesC DATA
 0002:000026c0 00000018H .rdata$T                DATA
 0002:000026d8 00000bb4H .rdata$r                DATA
 0002:0000328c 000000c0H .rdata$sxdata           DATA
 0002:0000334c 00000208H .rdata$voltmd           DATA
 0002:00003554 00000400H .rdata$zzzdbg           DATA
 0002:00003954 00000004H .rtc$IAA                DATA
 0002:00003958 00000004H .rtc$IZZ                DATA
 0002:0000395c 00000004H .rtc$TAA                DATA
 0002:00003960 00000004H .rtc$TZZ                DATA
 0002:00003964 00000004H .tls                    DATA
 0002:00003968 00000004H .tls$                   DATA
 0002:0000396c 00000004H .tls$ZZZ                DATA
 0002:00003970 00000864H .xdata$x                DATA
 0002:000041d4 00000000H ATL$__a                 DATA
 0002:000041d4 00000000H ATL$__z                 DATA
 0002:000041d4 00000000H .edata                  DATA
 0002:000041d4 00000168H .idata$2                DATA
 0002:0000433c 00000014H .idata$3                DATA
 0002:00004350 00000860H .idata$4                DATA
 0002:00004bb0 0000135aH .idata$6                DATA
 0003:00000000 0000003cH .data                   DATA
 0003:0000003c 0000007cH .data$r                 DATA
 0003:000000b8 000004d8H .data$rs                DATA
 0003:00000590 00000adcH .bss                    DATA
 0004:00000000 00001020H .rsrc$01                DATA
 0004:00001020 0000a368H .rsrc$02                DATA

  Address         Publics by Value              Rva+Base       Lib:Object

 0000:00000000       ___AbsoluteZero            00000000     <absolute>
 0000:00000000       ___arm64x_extra_rfe_table  00000000     <absolute>
 0000:00000000       ___arm64x_extra_rfe_table_size 00000000     <absolute>
 0000:00000000       ___arm64x_native_entrypoint 00000000     <absolute>
 0000:00000000       ___arm64x_redirection_metadata 00000000     <absolute>
 0000:00000000       ___arm64x_redirection_metadata_count 00000000     <absolute>
 0000:00000000       ___dynamic_value_reloc_table 00000000     <absolute>
 0000:00000000       ___enclave_config          00000000     <absolute>
 0000:00000000       ___guard_check_icall_a64n_fptr 00000000     <absolute>
 0000:00000000       ___guard_eh_cont_count     00000000     <absolute>
 0000:00000000       ___guard_eh_cont_table     00000000     <absolute>
 0000:00000000       ___guard_fids_count        00000000     <absolute>
 0000:00000000       ___guard_fids_table        00000000     <absolute>
 0000:00000000       ___guard_iat_count         00000000     <absolute>
 0000:00000000       ___guard_iat_table         00000000     <absolute>
 0000:00000000       ___guard_longjmp_count     00000000     <absolute>
 0000:00000000       ___guard_longjmp_table     00000000     <absolute>
 0000:00000000       ___hybrid_auxiliary_iat    00000000     <absolute>
 0000:00000000       ___hybrid_auxiliary_iat_copy 00000000     <absolute>
 0000:00000000       ___hybrid_code_map         00000000     <absolute>
 0000:00000000       ___hybrid_code_map_count   00000000     <absolute>
 0000:00000000       ___x64_code_ranges_to_entry_points 00000000     <absolute>
 0000:00000000       ___x64_code_ranges_to_entry_points_count 00000000     <absolute>
 0000:0000002c       __tls_array                0000002c     <absolute>
 0000:00000030       ___safe_se_handler_count   00000030     <absolute>
 0000:00000100       ___guard_flags             00000100     <absolute>
 0000:00000000       ___ImageBase               00400000     <linker-defined>
 0001:000001a0       ??0CDlgFindRider@@QAE@PAVCWnd@@@Z 004011a0 f   DlgFindRider.obj
 0001:00000230       ??1CDlgFindRider@@UAE@XZ   00401230 f   DlgFindRider.obj
 0001:00000270       ??_ECDlgFindRider@@UAEPAXI@Z 00401270 f i DlgFindRider.obj
 0001:00000270       ??_GCDlgFindRider@@UAEPAXI@Z 00401270 f i DlgFindRider.obj
 0001:000002c0       ??1?$_Compressed_pair@V?$allocator@D@std@@V?$_String_val@U?$_Simple_types@D@std@@@2@$00@std@@QAE@XZ 004012c0 f i ThreadWork.obj
 0001:000002c0       ??1CQUdpSendOver@@QAE@XZ   004012c0 f i QBuffer.obj
 0001:000002c0       ?AssertValid@CObject@@UBEXXZ 004012c0 f i DlgFindRider.obj
 0001:000002c0       ?InitializeSearchContent@CDocument@@UAEXXZ 004012c0 f i VServerDoc.obj
 0001:000002c0       ?OnBeforeRichPreviewFontChanged@CDocument@@UAEXXZ 004012c0 f i VServerDoc.obj
 0001:000002c0       ?OnFindRiderMessage@CVServerView@@QAEXXZ 004012c0 f i VServerView.obj
 0001:000002c0       ?OnRichPreviewBackColorChanged@CDocument@@UAEXXZ 004012c0 f i VServerDoc.obj
 0001:000002c0       ?OnRichPreviewFontChanged@CDocument@@UAEXXZ 004012c0 f i VServerDoc.obj
 0001:000002c0       ?OnRichPreviewSiteChanged@CDocument@@UAEXXZ 004012c0 f i VServerDoc.obj
 0001:000002c0       ?OnRichPreviewTextColorChanged@CDocument@@UAEXXZ 004012c0 f i VServerDoc.obj
 0001:000002c0       ?OnRidersExit@CVServerView@@QAEXXZ 004012c0 f i VServerView.obj
 0001:000002d0       ?BeginModalState@CWnd@@UAEXXZ 004012d0 f i DlgFindRider.obj
 0001:000002f0       ?Create@CDialog@@UAEHIPAVCWnd@@@Z 004012f0 f i DlgFindRider.obj
 0001:00000310       ?DoDataExchange@CDlgFindRider@@MAEXPAVCDataExchange@@@Z 00401310 f   DlgFindRider.obj
 0001:00000350       ?DoDataExchange@CAboutDlg@@MAEXPAVCDataExchange@@@Z 00401350 f i VServer.obj
 0001:00000350       ?DoDataExchange@CWnd@@MAEXPAVCDataExchange@@@Z 00401350 f i DlgIPSet.obj
 0001:00000350       ?Dump@CObject@@UBEXAAVCDumpContext@@@Z 00401350 f i DlgFindRider.obj
 0001:00000350       ?Serialize@CObject@@UAEXAAVCArchive@@@Z 00401350 f i DlgFindRider.obj
 0001:00000360       ?EndModalState@CWnd@@UAEXXZ 00401360 f i DlgFindRider.obj
 0001:00000380       ?GetMessageMap@CDlgFindRider@@MBEPBUAFX_MSGMAP@@XZ 00401380 f   DlgFindRider.obj
 0001:00000390       ?GetRuntimeClass@CDlgFindRider@@UBEPAUCRuntimeClass@@XZ 00401390 f   DlgFindRider.obj
 0001:000003a0       ?GetThisMessageMap@CDlgFindRider@@KGPBUAFX_MSGMAP@@XZ 004013a0 f   DlgFindRider.obj
 0001:000003b0       ?_GetBaseClass@CDlgFindRider@@KGPAUCRuntimeClass@@XZ 004013b0 f   DlgFindRider.obj
 0001:000003b0       ?_GetBaseClass@CDlgIPSet@@KGPAUCRuntimeClass@@XZ 004013b0 f   DlgIPSet.obj
 0001:000003c0       ?__empty_global_delete@@YAXPAXI@Z 004013c0 f i DlgFindRider.obj
 0001:000003c0       ?__global_delete@@YAXPAXI@Z 004013c0 f i DlgFindRider.obj
 0001:000003d0       ??0CDlgIPSet@@QAE@PAVCWnd@@@Z 004013d0 f   DlgIPSet.obj
 0001:00000490       ??1CDlgIPSet@@UAE@XZ       00401490 f   DlgIPSet.obj
 0001:000004f0       ??_ECDlgIPSet@@UAEPAXI@Z   004014f0 f i DlgIPSet.obj
 0001:000004f0       ??_GCDlgIPSet@@UAEPAXI@Z   004014f0 f i DlgIPSet.obj
 0001:00000540       ??_ECIPAddressCtrl@@UAEPAXI@Z 00401540 f i DlgIPSet.obj
 0001:00000540       ??_GCIPAddressCtrl@@UAEPAXI@Z 00401540 f i DlgIPSet.obj
 0001:00000590       ?DoDataExchange@CDlgIPSet@@MAEXPAVCDataExchange@@@Z 00401590 f   DlgIPSet.obj
 0001:000005d0       ?GetMessageMap@CDlgIPSet@@MBEPBUAFX_MSGMAP@@XZ 004015d0 f   DlgIPSet.obj
 0001:000005e0       ?GetRuntimeClass@CDlgIPSet@@UBEPAUCRuntimeClass@@XZ 004015e0 f   DlgIPSet.obj
 0001:000005f0       ?GetThisMessageMap@CDlgIPSet@@KGPBUAFX_MSGMAP@@XZ 004015f0 f   DlgIPSet.obj
 0001:00000600       ?OnBnClickedCancel@CDlgIPSet@@QAEXXZ 00401600 f   DlgIPSet.obj
 0001:00000620       ?OnBnClickedOk@CDlgIPSet@@QAEXXZ 00401620 f   DlgIPSet.obj
 0001:00000830       ?OnInitDialog@CDlgIPSet@@UAEHXZ 00401830 f   DlgIPSet.obj
 0001:00000a40       ??0CMainFrame@@IAE@XZ      00401a40 f   MainFrm.obj
 0001:00000ac0       ??1CMainFrame@@UAE@XZ      00401ac0 f   MainFrm.obj
 0001:00000b00       ??3CObject@@SGXPAX@Z       00401b00 f i MainFrm.obj
 0001:00000b20       ??_ECMainFrame@@UAEPAXI@Z  00401b20 f i MainFrm.obj
 0001:00000b20       ??_GCMainFrame@@UAEPAXI@Z  00401b20 f i MainFrm.obj
 0001:00000b70       ?CreateObject@CMainFrame@@SGPAVCObject@@XZ 00401b70 f   MainFrm.obj
 0001:00000bf0       ?GetMessageMap@CMainFrame@@MBEPBUAFX_MSGMAP@@XZ 00401bf0 f   MainFrm.obj
 0001:00000c00       ?GetRuntimeClass@CMainFrame@@UBEPAUCRuntimeClass@@XZ 00401c00 f   MainFrm.obj
 0001:00000c10       ?GetThisClass@CMainFrame@@SGPAUCRuntimeClass@@XZ 00401c10 f   MainFrm.obj
 0001:00000c20       ?GetThisMessageMap@CMainFrame@@KGPBUAFX_MSGMAP@@XZ 00401c20 f   MainFrm.obj
 0001:00000c30       ?GetTrackingID@CFrameWnd@@UAEIXZ 00401c30 f i MainFrm.obj
 0001:00000c50       ?OnCreate@CMainFrame@@IAEHPAUtagCREATESTRUCTW@@@Z 00401c50 f   MainFrm.obj
 0001:00000dc0       ?PreCreateWindow@CMainFrame@@UAEHAAUtagCREATESTRUCTW@@@Z 00401dc0 f   MainFrm.obj
 0001:00000df0       ?_GetBaseClass@CMainFrame@@KGPAUCRuntimeClass@@XZ 00401df0 f   MainFrm.obj
 0001:00000e00       ??$?0K@?$_Tree_temp_node@V?$allocator@U?$_Tree_node@KPAX@std@@@std@@@std@@QAE@AAV?$allocator@U?$_Tree_node@KPAX@std@@@1@PAU?$_Tree_node@KPAX@1@$$QAK@Z 00401e00 f i QBuffer.obj
 0001:00000f50       ??$_Alloc_proxy@V?$allocator@U_Container_proxy@std@@@std@@@_Container_base12@std@@QAEX$$QAV?$allocator@U_Container_proxy@std@@@1@@Z 00401f50 f i QBuffer.obj
 0001:00000fc0       ??$_Allocate_manually_vector_aligned@U_Default_allocate_traits@std@@@std@@YAPAXI@Z 00401fc0 f i QBuffer.obj
 0001:00001030       ??$_Buyheadnode@V?$allocator@U?$_Tree_node@HPAX@std@@@std@@@?$_Tree_node@HPAX@std@@SAPAU01@AAV?$allocator@U?$_Tree_node@HPAX@std@@@1@@Z 00402030 f i QBuffer.obj
 0001:00001030       ??$_Buyheadnode@V?$allocator@U?$_Tree_node@KPAX@std@@@std@@@?$_Tree_node@KPAX@std@@SAPAU01@AAV?$allocator@U?$_Tree_node@KPAX@std@@@1@@Z 00402030 f i QBuffer.obj
 0001:000010e0       ??$_Copy_memmove@PADPAD@std@@YAPADPAD00@Z 004020e0 f i ThreadWork.obj
 0001:000010e0       ??$_Copy_memmove@PAPAPADPAPAPAD@std@@YAPAPAPADPAPAPAD00@Z 004020e0 f i QBuffer.obj
 0001:000010e0       ??$_Copy_memmove@PAPAPAVCClient@@PAPAPAV1@@std@@YAPAPAPAVCClient@@PAPAPAV1@00@Z 004020e0 f i QBuffer.obj
 0001:000010e0       ??$_Copy_memmove@PAPAPAVCQBuffer@@PAPAPAV1@@std@@YAPAPAPAVCQBuffer@@PAPAPAV1@00@Z 004020e0 f i QBuffer.obj
 0001:000010e0       ??$_Copy_memmove@PAPAPAVCQUdpSendOver@@PAPAPAV1@@std@@YAPAPAPAVCQUdpSendOver@@PAPAPAV1@00@Z 004020e0 f i QBuffer.obj
 0001:000010e0       ??$_Copy_memmove@PBEPAE@std@@YAPAEPBE0PAE@Z 004020e0 f i ThreadWork.obj
 0001:00001140       ??$_Emplace@K@?$_Tree@V?$_Tset_traits@KU?$less@K@std@@V?$allocator@K@2@$0A@@std@@@std@@IAE?AU?$pair@PAU?$_Tree_node@KPAX@std@@_N@1@$$QAK@Z 00402140 f i QBuffer.obj
 0001:000012c0       ??$_Emplace_back_internal@ABQAD@?$deque@PADV?$allocator@PAD@std@@@std@@AAEXABQAD@Z 004022c0 f i QBuffer.obj
 0001:000012c0       ??$_Emplace_back_internal@PAVCClient@@@?$deque@PAVCClient@@V?$allocator@PAVCClient@@@std@@@std@@AAEX$$QAPAVCClient@@@Z 004022c0 f i QBuffer.obj
 0001:000012c0       ??$_Emplace_back_internal@PAVCQBuffer@@@?$deque@PAVCQBuffer@@V?$allocator@PAVCQBuffer@@@std@@@std@@AAEX$$QAPAVCQBuffer@@@Z 004022c0 f i QBuffer.obj
 0001:000012c0       ??$_Emplace_back_internal@PAVCQUdpSendOver@@@?$deque@PAVCQUdpSendOver@@V?$allocator@PAVCQUdpSendOver@@@std@@@std@@AAEX$$QAPAVCQUdpSendOver@@@Z 004022c0 f i QBuffer.obj
 0001:000014a0       ??$_Erase_head@V?$allocator@U?$_Tree_node@HPAX@std@@@std@@@?$_Tree_val@U?$_Tree_simple_types@H@std@@@std@@QAEXAAV?$allocator@U?$_Tree_node@HPAX@std@@@1@@Z 004024a0 f i QBuffer.obj
 0001:000014a0       ??$_Erase_head@V?$allocator@U?$_Tree_node@KPAX@std@@@std@@@?$_Tree_val@U?$_Tree_simple_types@K@std@@@std@@QAEXAAV?$allocator@U?$_Tree_node@KPAX@std@@@1@@Z 004024a0 f i QBuffer.obj
 0001:00001550       ??$_Erase_tree@V?$allocator@U?$_Tree_node@HPAX@std@@@std@@@?$_Tree_val@U?$_Tree_simple_types@H@std@@@std@@QAEXAAV?$allocator@U?$_Tree_node@HPAX@std@@@1@PAU?$_Tree_node@HPAX@1@@Z 00402550 f i QBuffer.obj
 0001:00001550       ??$_Erase_tree@V?$allocator@U?$_Tree_node@KPAX@std@@@std@@@?$_Tree_val@U?$_Tree_simple_types@K@std@@@std@@QAEXAAV?$allocator@U?$_Tree_node@KPAX@std@@@1@PAU?$_Tree_node@KPAX@1@@Z 00402550 f i QBuffer.obj
 0001:00001620       ??$_Find_lower_bound@K@?$_Tree@V?$_Tset_traits@KU?$less@K@std@@V?$allocator@K@2@$0A@@std@@@std@@IBE?AU?$_Tree_find_result@PAU?$_Tree_node@KPAX@std@@@1@ABK@Z 00402620 f i QBuffer.obj
 0001:000016f0       ??$_Uninitialized_copy_unchecked@PAPAPADPAPAPAD@std@@YAPAPAPADPAPAPADQAPAPAD0@Z 004026f0 f i QBuffer.obj
 0001:000016f0       ??$_Uninitialized_copy_unchecked@PAPAPAVCClient@@PAPAPAV1@@std@@YAPAPAPAVCClient@@PAPAPAV1@QAPAPAV1@0@Z 004026f0 f i QBuffer.obj
 0001:000016f0       ??$_Uninitialized_copy_unchecked@PAPAPAVCQBuffer@@PAPAPAV1@@std@@YAPAPAPAVCQBuffer@@PAPAPAV1@QAPAPAV1@0@Z 004026f0 f i QBuffer.obj
 0001:000016f0       ??$_Uninitialized_copy_unchecked@PAPAPAVCQUdpSendOver@@PAPAPAV1@@std@@YAPAPAPAVCQUdpSendOver@@PAPAPAV1@QAPAPAV1@0@Z 004026f0 f i QBuffer.obj
 0001:00001790       ??$_Uninitialized_value_construct_n_unchecked1@PAPAPADI@std@@YAPAPAPADPAPAPADI@Z 00402790 f i QBuffer.obj
 0001:00001790       ??$_Uninitialized_value_construct_n_unchecked1@PAPAPAVCClient@@I@std@@YAPAPAPAVCClient@@PAPAPAV1@I@Z 00402790 f i QBuffer.obj
 0001:00001790       ??$_Uninitialized_value_construct_n_unchecked1@PAPAPAVCQBuffer@@I@std@@YAPAPAPAVCQBuffer@@PAPAPAV1@I@Z 00402790 f i QBuffer.obj
 0001:00001790       ??$_Uninitialized_value_construct_n_unchecked1@PAPAPAVCQUdpSendOver@@I@std@@YAPAPAPAVCQUdpSendOver@@PAPAPAV1@I@Z 00402790 f i QBuffer.obj
 0001:000017b0       ??$_Zero_range@PAPAPAD@std@@YAPAPAPADQAPAPAD0@Z 004027b0 f i QBuffer.obj
 0001:000017b0       ??$_Zero_range@PAPAPAVCClient@@@std@@YAPAPAPAVCClient@@QAPAPAV1@0@Z 004027b0 f i QBuffer.obj
 0001:000017b0       ??$_Zero_range@PAPAPAVCQBuffer@@@std@@YAPAPAPAVCQBuffer@@QAPAPAV1@0@Z 004027b0 f i QBuffer.obj
 0001:000017b0       ??$_Zero_range@PAPAPAVCQUdpSendOver@@@std@@YAPAPAPAVCQUdpSendOver@@QAPAPAV1@0@Z 004027b0 f i QBuffer.obj
 0001:000017e0       ??$insert@$0A@$0A@@?$_Tree@V?$_Tset_traits@KU?$less@K@std@@V?$allocator@K@2@$0A@@std@@@std@@QAE?AU?$pair@V?$_Tree_const_iterator@V?$_Tree_val@U?$_Tree_simple_types@K@std@@@std@@@std@@_N@1@$$QAK@Z 004027e0 f i QBuffer.obj
 0001:00001850       ??$uninitialized_copy@PAPAPADPAPAPAD@std@@YAPAPAPADQAPAPAD0PAPAPAD@Z 00402850 f i QBuffer.obj
 0001:00001850       ??$uninitialized_copy@PAPAPAVCClient@@PAPAPAV1@@std@@YAPAPAPAVCClient@@QAPAPAV1@0PAPAPAV1@@Z 00402850 f i QBuffer.obj
 0001:00001850       ??$uninitialized_copy@PAPAPAVCQBuffer@@PAPAPAV1@@std@@YAPAPAPAVCQBuffer@@QAPAPAV1@0PAPAPAV1@@Z 00402850 f i QBuffer.obj
 0001:00001850       ??$uninitialized_copy@PAPAPAVCQUdpSendOver@@PAPAPAV1@@std@@YAPAPAPAVCQUdpSendOver@@QAPAPAV1@0PAPAPAV1@@Z 00402850 f i QBuffer.obj
 0001:000018a0       ??0?$deque@PADV?$allocator@PAD@std@@@std@@QAE@XZ 004028a0 f i QBuffer.obj
 0001:000018a0       ??0?$deque@PAVCClient@@V?$allocator@PAVCClient@@@std@@@std@@QAE@XZ 004028a0 f i QBuffer.obj
 0001:000018a0       ??0?$deque@PAVCQBuffer@@V?$allocator@PAVCQBuffer@@@std@@@std@@QAE@XZ 004028a0 f i QBuffer.obj
 0001:000018a0       ??0?$deque@PAVCQUdpSendOver@@V?$allocator@PAVCQUdpSendOver@@@std@@@std@@QAE@XZ 004028a0 f i QBuffer.obj
 0001:00001910       ??0?$set@HU?$less@H@std@@V?$allocator@H@2@@std@@QAE@XZ 00402910 f i QBuffer.obj
 0001:00001910       ??0?$set@KU?$less@K@std@@V?$allocator@K@2@@std@@QAE@XZ 00402910 f i QBuffer.obj
 0001:00001960       ??0CClient@@QAE@XZ         00402960 f   QBuffer.obj
 0001:000019a0       ??0CQBuffer@@AAE@HPBX@Z    004029a0 f   QBuffer.obj
 0001:00001a20       ??0CQUdpSendOver@@AAE@PAVCQBuffer@@@Z 00402a20 f   QBuffer.obj
 0001:00001a80       ??0CRecvOver@@QAE@XZ       00402a80 f   QBuffer.obj
 0001:00001ac0       ??0bad_alloc@std@@QAE@ABV01@@Z 00402ac0 f i QBuffer.obj
 0001:00001b10       ??0bad_array_new_length@std@@QAE@ABV01@@Z 00402b10 f i QBuffer.obj
 0001:00001b60       ??0bad_array_new_length@std@@QAE@XZ 00402b60 f i QBuffer.obj
 0001:00001ba0       ??0exception@std@@QAE@ABV01@@Z 00402ba0 f i QBuffer.obj
 0001:00001be0       ??1?$_Alloc_construct_ptr@V?$allocator@U?$_Tree_node@KPAX@std@@@std@@@std@@QAE@XZ 00402be0 f i QBuffer.obj
 0001:00001c80       ??1?$_Tree@V?$_Tset_traits@HU?$less@H@std@@V?$allocator@H@2@$0A@@std@@@std@@QAE@XZ 00402c80 f i QBuffer.obj
 0001:00001c80       ??1?$_Tree@V?$_Tset_traits@KU?$less@K@std@@V?$allocator@K@2@$0A@@std@@@std@@QAE@XZ 00402c80 f i QBuffer.obj
 0001:00001cc0       ??1?$_Tree_temp_node@V?$allocator@U?$_Tree_node@KPAX@std@@@std@@@std@@QAE@XZ 00402cc0 f i QBuffer.obj
 0001:00001d20       ??1?$deque@PADV?$allocator@PAD@std@@@std@@QAE@XZ 00402d20 f i QBuffer.obj
 0001:00001d20       ??1?$deque@PAVCClient@@V?$allocator@PAVCClient@@@std@@@std@@QAE@XZ 00402d20 f i QBuffer.obj
 0001:00001d20       ??1?$deque@PAVCQBuffer@@V?$allocator@PAVCQBuffer@@@std@@@std@@QAE@XZ 00402d20 f i QBuffer.obj
 0001:00001d20       ??1?$deque@PAVCQUdpSendOver@@V?$allocator@PAVCQUdpSendOver@@@std@@@std@@QAE@XZ 00402d20 f i QBuffer.obj
 0001:00001de0       ??1CClient@@QAE@XZ         00402de0 f   QBuffer.obj
 0001:00001e00       ??1CQBuffer@@QAE@XZ        00402e00 f   QBuffer.obj
 0001:00001e40       ??1CRecvOver@@QAE@XZ       00402e40 f   QBuffer.obj
 0001:00001e70       ??1bad_array_new_length@std@@UAE@XZ 00402e70 f i QBuffer.obj
 0001:00001ea0       ??D?$_Deque_unchecked_iterator@V?$_Deque_val@U?$_Deque_simple_types@PAD@std@@@std@@@std@@QBEAAPADXZ 00402ea0 f i QBuffer.obj
 0001:00001ea0       ??D?$_Deque_unchecked_iterator@V?$_Deque_val@U?$_Deque_simple_types@PAVCClient@@@std@@@std@@@std@@QBEAAPAVCClient@@XZ 00402ea0 f i QBuffer.obj
 0001:00001ea0       ??D?$_Deque_unchecked_iterator@V?$_Deque_val@U?$_Deque_simple_types@PAVCQBuffer@@@std@@@std@@@std@@QBEAAPAVCQBuffer@@XZ 00402ea0 f i QBuffer.obj
 0001:00001ea0       ??D?$_Deque_unchecked_iterator@V?$_Deque_val@U?$_Deque_simple_types@PAVCQUdpSendOver@@@std@@@std@@@std@@QBEAAPAVCQUdpSendOver@@XZ 00402ea0 f i QBuffer.obj
 0001:00001f00       ??E?$_Tree_unchecked_const_iterator@V?$_Tree_val@U?$_Tree_simple_types@K@std@@@std@@U_Iterator_base0@2@@std@@QAEAAV01@XZ 00402f00 f i QBuffer.obj
 0001:00001f90       ??_Ebad_alloc@std@@UAEPAXI@Z 00402f90 f i QBuffer.obj
 0001:00001f90       ??_Ebad_array_new_length@std@@UAEPAXI@Z 00402f90 f i QBuffer.obj
 0001:00001f90       ??_Eexception@std@@UAEPAXI@Z 00402f90 f i QBuffer.obj
 0001:00001f90       ??_Gbad_alloc@std@@UAEPAXI@Z 00402f90 f i QBuffer.obj
 0001:00001f90       ??_Gbad_array_new_length@std@@UAEPAXI@Z 00402f90 f i QBuffer.obj
 0001:00001f90       ??_Gexception@std@@UAEPAXI@Z 00402f90 f i QBuffer.obj
 0001:00001fd0       ?FindClient@CClient@@SAPAV1@PAUsockaddr_in@@@Z 00402fd0 f   QBuffer.obj
 0001:000020f0       ?GetNewBuffer@CQBuffer@@AAEPADH@Z 004030f0 f   QBuffer.obj
 0001:000022a0       ?Init@CRecvOver@@QAEXXZ    004032a0 f   QBuffer.obj
 0001:00002320       ?InitBuffer@CQBuffer@@AAEXHPBX@Z 00403320 f   QBuffer.obj
 0001:000023b0       ?InitQBuffer@CQUdpSendOver@@AAEXPAVCQBuffer@@@Z 004033b0 f   QBuffer.obj
 0001:00002420       ?PopCQBuffer@CQBuffer@@CAPAV1@HPBX@Z 00403420 f   QBuffer.obj
 0001:00002540       ?PopClient@CClient@@SAPAV1@PAUsockaddr_in@@@Z 00403540 f   QBuffer.obj
 0001:00002690       ?PopQSendOver@CQUdpSendOver@@SAPAV1@PAVCMBuffer@@PAVCClient@@@Z 00403690 f   QBuffer.obj
 0001:000027c0       ?Release@CQBuffer@@AAEJXZ  004037c0 f   QBuffer.obj
 0001:00002840       ?ReleaseClient@CClient@@QAEXXZ 00403840 f   QBuffer.obj
 0001:000028a0       ?ReleaseOldBuffer@CQBuffer@@AAEXXZ 004038a0 f   QBuffer.obj
 0001:00002960       ?ReleaseOver@CQUdpSendOver@@QAEXXZ 00403960 f   QBuffer.obj
 0001:000029d0       ?Send@CQUdpSendOver@@AAEHPAVCClient@@@Z 004039d0 f   QBuffer.obj
 0001:00002b40       ?SendAllMember@CQUdpSendOver@@SAHPAVCMBuffer@@PAVCClient@@E@Z 00403b40 f   QBuffer.obj
 0001:00002d70       ?SetBufferData@CQBuffer@@AAEXHQBX@Z 00403d70 f   QBuffer.obj
 0001:00002db0       ?_Adjust_manually_vector_aligned@std@@YAXAAPAXAAI@Z 00403db0 f i QBuffer.obj
 0001:00002e20       ?_Alloc_sentinel_and_proxy@?$_Tree@V?$_Tset_traits@HU?$less@H@std@@V?$allocator@H@2@$0A@@std@@@std@@IAEXXZ 00403e20 f i QBuffer.obj
 0001:00002e20       ?_Alloc_sentinel_and_proxy@?$_Tree@V?$_Tset_traits@KU?$less@K@std@@V?$allocator@K@2@$0A@@std@@@std@@IAEXXZ 00403e20 f i QBuffer.obj
 0001:00002e60       ?_Check_grow_by_1@?$_Tree@V?$_Tset_traits@KU?$less@K@std@@V?$allocator@K@2@$0A@@std@@@std@@IAEXXZ 00403e60 f i QBuffer.obj
 0001:00002ee0       ?_Erase_unchecked@?$_Tree@V?$_Tset_traits@KU?$less@K@std@@V?$allocator@K@2@$0A@@std@@@std@@AAEPAU?$_Tree_node@KPAX@2@V?$_Tree_unchecked_const_iterator@V?$_Tree_val@U?$_Tree_simple_types@K@std@@@std@@U_Iterator_base0@2@@2@@Z 00403ee0 f i QBuffer.obj
 0001:00002fb0       ?_Extract@?$_Tree_val@U?$_Tree_simple_types@K@std@@@std@@QAEPAU?$_Tree_node@KPAX@2@V?$_Tree_unchecked_const_iterator@V?$_Tree_val@U?$_Tree_simple_types@K@std@@@std@@U_Iterator_base0@2@@2@@Z 00403fb0 f i QBuffer.obj
 0001:00003440       ?_Growmap@?$deque@PADV?$allocator@PAD@std@@@std@@AAEXI@Z 00404440 f i QBuffer.obj
 0001:00003440       ?_Growmap@?$deque@PAVCClient@@V?$allocator@PAVCClient@@@std@@@std@@AAEXI@Z 00404440 f i QBuffer.obj
 0001:00003440       ?_Growmap@?$deque@PAVCQBuffer@@V?$allocator@PAVCQBuffer@@@std@@@std@@AAEXI@Z 00404440 f i QBuffer.obj
 0001:00003440       ?_Growmap@?$deque@PAVCQUdpSendOver@@V?$allocator@PAVCQUdpSendOver@@@std@@@std@@AAEXI@Z 00404440 f i QBuffer.obj
 0001:00003870       ?_Insert_node@?$_Tree_val@U?$_Tree_simple_types@K@std@@@std@@QAEPAU?$_Tree_node@KPAX@2@U?$_Tree_id@PAU?$_Tree_node@KPAX@std@@@2@QAU32@@Z 00404870 f i QBuffer.obj
 0001:00003a80       ?_Lrotate@?$_Tree_val@U?$_Tree_simple_types@K@std@@@std@@QAEXPAU?$_Tree_node@KPAX@2@@Z 00404a80 f i QBuffer.obj
 0001:00003b20       ?_Rrotate@?$_Tree_val@U?$_Tree_simple_types@K@std@@@std@@QAEXPAU?$_Tree_node@KPAX@2@@Z 00404b20 f i QBuffer.obj
 0001:00003bc0       ?_Throw_bad_array_new_length@std@@YAXXZ 00404bc0 f i QBuffer.obj
 0001:00003be0       ?_Throw_tree_length_error@std@@YAXXZ 00404be0 f i QBuffer.obj
 0001:00003bf0       ?_Tidy@?$deque@PADV?$allocator@PAD@std@@@std@@AAEXXZ 00404bf0 f i QBuffer.obj
 0001:00003bf0       ?_Tidy@?$deque@PAVCClient@@V?$allocator@PAVCClient@@@std@@@std@@AAEXXZ 00404bf0 f i QBuffer.obj
 0001:00003bf0       ?_Tidy@?$deque@PAVCQBuffer@@V?$allocator@PAVCQBuffer@@@std@@@std@@AAEXXZ 00404bf0 f i QBuffer.obj
 0001:00003bf0       ?_Tidy@?$deque@PAVCQUdpSendOver@@V?$allocator@PAVCQUdpSendOver@@@std@@@std@@AAEXXZ 00404bf0 f i QBuffer.obj
 0001:00003e20       ?_Xlen@?$deque@PADV?$allocator@PAD@std@@@std@@ABEXXZ 00404e20 f i QBuffer.obj
 0001:00003e20       ?_Xlen@?$deque@PAVCClient@@V?$allocator@PAVCClient@@@std@@@std@@ABEXXZ 00404e20 f i QBuffer.obj
 0001:00003e20       ?_Xlen@?$deque@PAVCQBuffer@@V?$allocator@PAVCQBuffer@@@std@@@std@@ABEXXZ 00404e20 f i QBuffer.obj
 0001:00003e20       ?_Xlen@?$deque@PAVCQUdpSendOver@@V?$allocator@PAVCQUdpSendOver@@@std@@@std@@ABEXXZ 00404e20 f i QBuffer.obj
 0001:00003e40       ?allocate@?$allocator@PAD@std@@QAEPAPADI@Z 00404e40 f i QBuffer.obj
 0001:00003e40       ?allocate@?$allocator@PAPAD@std@@QAEPAPAPADI@Z 00404e40 f i QBuffer.obj
 0001:00003e40       ?allocate@?$allocator@PAPAVCClient@@@std@@QAEPAPAPAVCClient@@I@Z 00404e40 f i QBuffer.obj
 0001:00003e40       ?allocate@?$allocator@PAPAVCQBuffer@@@std@@QAEPAPAPAVCQBuffer@@I@Z 00404e40 f i QBuffer.obj
 0001:00003e40       ?allocate@?$allocator@PAPAVCQUdpSendOver@@@std@@QAEPAPAPAVCQUdpSendOver@@I@Z 00404e40 f i QBuffer.obj
 0001:00003e40       ?allocate@?$allocator@PAVCClient@@@std@@QAEPAPAVCClient@@I@Z 00404e40 f i QBuffer.obj
 0001:00003e40       ?allocate@?$allocator@PAVCQBuffer@@@std@@QAEPAPAVCQBuffer@@I@Z 00404e40 f i QBuffer.obj
 0001:00003e40       ?allocate@?$allocator@PAVCQUdpSendOver@@@std@@QAEPAPAVCQUdpSendOver@@I@Z 00404e40 f i QBuffer.obj
 0001:00003eb0       ?allocate@?$allocator@U?$_Tree_node@HPAX@std@@@std@@QAEPAU?$_Tree_node@HPAX@2@I@Z 00404eb0 f i QBuffer.obj
 0001:00003eb0       ?allocate@?$allocator@U?$_Tree_node@KPAX@std@@@std@@QAEPAU?$_Tree_node@KPAX@2@I@Z 00404eb0 f i QBuffer.obj
 0001:00003f20       ?allocate@?$allocator@U_Container_proxy@std@@@std@@QAEPAU_Container_proxy@2@I@Z 00404f20 f i QBuffer.obj
 0001:00003f90       ?front@?$deque@PADV?$allocator@PAD@std@@@std@@QAEAAPADXZ 00404f90 f i QBuffer.obj
 0001:00003f90       ?front@?$deque@PAVCClient@@V?$allocator@PAVCClient@@@std@@@std@@QAEAAPAVCClient@@XZ 00404f90 f i QBuffer.obj
 0001:00003f90       ?front@?$deque@PAVCQBuffer@@V?$allocator@PAVCQBuffer@@@std@@@std@@QAEAAPAVCQBuffer@@XZ 00404f90 f i QBuffer.obj
 0001:00003f90       ?front@?$deque@PAVCQUdpSendOver@@V?$allocator@PAVCQUdpSendOver@@@std@@@std@@QAEAAPAVCQUdpSendOver@@XZ 00404f90 f i QBuffer.obj
 0001:00003fe0       ?pop_back@?$deque@PADV?$allocator@PAD@std@@@std@@QAEXXZ 00404fe0 f i QBuffer.obj
 0001:00003fe0       ?pop_back@?$deque@PAVCClient@@V?$allocator@PAVCClient@@@std@@@std@@QAEXXZ 00404fe0 f i QBuffer.obj
 0001:00003fe0       ?pop_back@?$deque@PAVCQBuffer@@V?$allocator@PAVCQBuffer@@@std@@@std@@QAEXXZ 00404fe0 f i QBuffer.obj
 0001:00003fe0       ?pop_back@?$deque@PAVCQUdpSendOver@@V?$allocator@PAVCQUdpSendOver@@@std@@@std@@QAEXXZ 00404fe0 f i QBuffer.obj
 0001:000040c0       ?pop_front@?$deque@PADV?$allocator@PAD@std@@@std@@QAEXXZ 004050c0 f i QBuffer.obj
 0001:000040c0       ?pop_front@?$deque@PAVCClient@@V?$allocator@PAVCClient@@@std@@@std@@QAEXXZ 004050c0 f i QBuffer.obj
 0001:000040c0       ?pop_front@?$deque@PAVCQBuffer@@V?$allocator@PAVCQBuffer@@@std@@@std@@QAEXXZ 004050c0 f i QBuffer.obj
 0001:000040c0       ?pop_front@?$deque@PAVCQUdpSendOver@@V?$allocator@PAVCQUdpSendOver@@@std@@@std@@QAEXXZ 004050c0 f i QBuffer.obj
 0001:000041c0       ?what@exception@std@@UBEPBDXZ 004051c0 f i QBuffer.obj
 0001:000041f0       ?Init@CComCriticalSection@ATL@@QAEJXZ 004051f0 f i stdafx.obj
 0001:00004250       ?Log@@YAXPA_W@Z            00405250 f   stdafx.obj
 0001:000042a0       ?itos@@YAPB_WJPA_W@Z       004052a0 f   stdafx.obj
 0001:000042c0       ??$?0PBE$0A@@?$vector@EV?$allocator@E@std@@@std@@QAE@PBE0ABV?$allocator@E@1@@Z 004052c0 f i ThreadWork.obj
 0001:00004340       ??$?0V?$allocator@D@std@@$$V@?$_Compressed_pair@V?$allocator@D@std@@V?$_String_val@U?$_Simple_types@D@std@@@2@$00@std@@QAE@U_One_then_variadic_args_t@1@$$QAV?$allocator@D@1@@Z 00405340 f i ThreadWork.obj
 0001:00004390       ??$?6U?$char_traits@D@std@@@std@@YAAAV?$basic_ostream@DU?$char_traits@D@std@@@0@AAV10@PBD@Z 00405390 f i ThreadWork.obj
 0001:000046f0       ??$_Construct@$00PBD@?$basic_string@DU?$char_traits@D@std@@V?$allocator@D@2@@std@@AAEXQBDI@Z 004056f0 f i ThreadWork.obj
 0001:00004860       ??$_Construct@$01PBD@?$basic_string@DU?$char_traits@D@std@@V?$allocator@D@2@@std@@AAEXQBDI@Z 00405860 f i ThreadWork.obj
 0001:00004990       ??$_Construct_n@PBEPBE@?$vector@EV?$allocator@E@std@@@std@@AAEXI$$QAPBE0@Z 00405990 f i ThreadWork.obj
 0001:00004a50       ??$_Eval@V?$mersenne_twister_engine@I$0CA@$0CHA@$0BIN@$0BP@$0JJAILANP@$0L@$0PPPPPPPP@$06$0JNCMFGIA@$0P@$0OPMGAAAA@$0BC@$0GMAHIJGF@@std@@@?$uniform_int@I@std@@ABEIAAV?$mersenne_twister_engine@I$0CA@$0CHA@$0BIN@$0BP@$0JJAILANP@$0L@$0PPPPPPPP@$06$0JNCMFGIA@$0P@$0OPMGAAAA@$0BC@$0GMAHIJGF@@1@II@Z 00405a50 f i ThreadWork.obj
 0001:00004ac0       ??$_Find@K@?$_Tree@V?$_Tset_traits@KU?$less@K@std@@V?$allocator@K@2@$0A@@std@@@std@@ABEPAU?$_Tree_node@KPAX@1@ABK@Z 00405ac0 f i ThreadWork.obj
 0001:00004b60       ??$_Reallocate_for@V<lambda_9366063389c5f42a00a5088cf24e69de>@@PBD@?$basic_string@DU?$char_traits@D@std@@V?$allocator@D@2@@std@@AAEAAV01@IV<lambda_9366063389c5f42a00a5088cf24e69de>@@PBD@Z 00405b60 f i ThreadWork.obj
 0001:00004d00       ??$_Uninitialized_copy@PBEPBEV?$allocator@E@std@@@std@@YAPAEPBE0PAEAAV?$allocator@E@0@@Z 00405d00 f i ThreadWork.obj
 0001:00004e00       ??$copy@V?$_String_iterator@V?$_String_val@U?$_Simple_types@D@std@@@std@@@std@@PAD@std@@YAPADV?$_String_iterator@V?$_String_val@U?$_Simple_types@D@std@@@std@@@0@0PAD@Z 00405e00 f i ThreadWork.obj
 0001:00004ec0       ??$setfill@D@std@@YA?AU?$_Fillobj@D@0@D@Z 00405ec0 f i ThreadWork.obj
 0001:00004ed0       ??0?$_String_val@U?$_Simple_types@D@std@@@std@@QAE@XZ 00405ed0 f i ThreadWork.obj
 0001:00004f10       ??0?$basic_string@DU?$char_traits@D@std@@V?$allocator@D@2@@std@@QAE@$$QAV01@@Z 00405f10 f i ThreadWork.obj
 0001:00004f80       ??0?$basic_string@DU?$char_traits@D@std@@V?$allocator@D@2@@std@@QAE@ABV01@@Z 00405f80 f i ThreadWork.obj
 0001:00005070       ??0?$basic_string@DU?$char_traits@D@std@@V?$allocator@D@2@@std@@QAE@ABV?$allocator@D@1@@Z 00406070 f i ThreadWork.obj
 0001:000050f0       ??0?$basic_string@DU?$char_traits@D@std@@V?$allocator@D@2@@std@@QAE@QBD@Z 004060f0 f i ThreadWork.obj
 0001:000051a0       ??0?$basic_stringbuf@DU?$char_traits@D@std@@V?$allocator@D@2@@std@@QAE@H@Z 004061a0 f i ThreadWork.obj
 0001:00005230       ??0?$basic_stringstream@DU?$char_traits@D@std@@V?$allocator@D@2@@std@@QAE@XZ 00406230 f i ThreadWork.obj
 0001:00005310       ??0CThreadWork@@IAE@XZ     00406310 f   ThreadWork.obj
 0001:000053d0       ??0sentry@?$basic_ostream@DU?$char_traits@D@std@@@std@@QAE@AAV12@@Z 004063d0 f i ThreadWork.obj
 0001:000054c0       ??1?$_Tidy_guard@V?$vector@EV?$allocator@E@std@@@std@@@std@@QAE@XZ 004064c0 f i ThreadWork.obj
 0001:000054e0       ??1?$basic_string@DU?$char_traits@D@std@@V?$allocator@D@2@@std@@QAE@XZ 004064e0 f i ThreadWork.obj
 0001:00005500       ??1?$basic_stringstream@DU?$char_traits@D@std@@V?$allocator@D@2@@std@@UAE@XZ 00406500 f i ThreadWork.obj
 0001:00005570       ??1?$vector@EV?$allocator@E@std@@@std@@QAE@XZ 00406570 f i ThreadWork.obj
 0001:00005590       ??1CMBuffer@@QAE@XZ        00406590 f i ThreadWork.obj
 0001:000055e0       ??1CThreadWork@@UAE@XZ     004065e0 f   ThreadWork.obj
 0001:00005630       ??1_Sentry_base@?$basic_ostream@DU?$char_traits@D@std@@@std@@QAE@XZ 00406630 f i ThreadWork.obj
 0001:000056a0       ??1sentry@?$basic_ostream@DU?$char_traits@D@std@@@std@@QAE@XZ 004066a0 f i ThreadWork.obj
 0001:00005720       ??R?$_Rng_from_urng_v2@IV?$mersenne_twister_engine@I$0CA@$0CHA@$0BIN@$0BP@$0JJAILANP@$0L@$0PPPPPPPP@$06$0JNCMFGIA@$0P@$0OPMGAAAA@$0BC@$0GMAHIJGF@@std@@@std@@QAEII@Z 00406720 f i ThreadWork.obj
 0001:000057e0       ??R?$mersenne_twister@I$0CA@$0CHA@$0BIN@$0BP@$0JJAILANP@$0L@$06$0JNCMFGIA@$0P@$0OPMGAAAA@$0BC@@std@@QAEIXZ 004067e0 f i ThreadWork.obj
 0001:00005880       ??_D?$basic_stringstream@DU?$char_traits@D@std@@V?$allocator@D@2@@std@@QAEXXZ 00406880 f i ThreadWork.obj
 0001:000058a2       ??_E?$basic_stringstream@DU?$char_traits@D@std@@V?$allocator@D@2@@std@@$4PPPPPPPM@A@AEPAXI@Z 004068a2 f i ThreadWork.obj
 0001:000058b0       ??_E?$basic_stringbuf@DU?$char_traits@D@std@@V?$allocator@D@2@@std@@UAEPAXI@Z 004068b0 f i ThreadWork.obj
 0001:000058b0       ??_G?$basic_stringbuf@DU?$char_traits@D@std@@V?$allocator@D@2@@std@@UAEPAXI@Z 004068b0 f i ThreadWork.obj
 0001:000058f0       ??_E?$basic_stringstream@DU?$char_traits@D@std@@V?$allocator@D@2@@std@@UAEPAXI@Z 004068f0 f i ThreadWork.obj
 0001:000058f0       ??_G?$basic_stringstream@DU?$char_traits@D@std@@V?$allocator@D@2@@std@@UAEPAXI@Z 004068f0 f i ThreadWork.obj
 0001:00005950       ??_ECListBox@@UAEPAXI@Z    00406950 f i ThreadWork.obj
 0001:00005950       ??_GCListBox@@UAEPAXI@Z    00406950 f i ThreadWork.obj
 0001:000059a0       ??_ECListCtrl@@UAEPAXI@Z   004069a0 f i ThreadWork.obj
 0001:000059a0       ??_GCListCtrl@@UAEPAXI@Z   004069a0 f i ThreadWork.obj
 0001:000059f0       ??_ECThreadWork@@UAEPAXI@Z 004069f0 f i ThreadWork.obj
 0001:000059f0       ??_GCThreadWork@@UAEPAXI@Z 004069f0 f i ThreadWork.obj
 0001:00005a40       ?CreateObject@CThreadWork@@SGPAVCObject@@XZ 00406a40 f   ThreadWork.obj
 0001:00005ac0       ?GenerateUUID@@YA?AUUUID_Q@@XZ 00406ac0 f   ThreadWork.obj
 0001:00005c20       ?GetMessageMap@CThreadWork@@MBEPBUAFX_MSGMAP@@XZ 00406c20 f   ThreadWork.obj
 0001:00005c30       ?GetRuntimeClass@CThreadWork@@UBEPAUCRuntimeClass@@XZ 00406c30 f   ThreadWork.obj
 0001:00005c40       ?GetThisClass@CThreadWork@@SGPAUCRuntimeClass@@XZ 00406c40 f   ThreadWork.obj
 0001:00005c50       ?GetThisMessageMap@CThreadWork@@KGPBUAFX_MSGMAP@@XZ 00406c50 f   ThreadWork.obj
 0001:00005c60       ?InitInstance@CThreadWork@@UAEHXZ 00406c60 f   ThreadWork.obj
 0001:00005d90       ?Process@CThreadWork@@QAEXXZ 00406d90 f   ThreadWork.obj
 0001:00005f30       ?RecvAlive@CThreadWork@@QAEXPAVCRecvOver@@H@Z 00406f30 f   ThreadWork.obj
 0001:00006080       ?RecvConnect@CThreadWork@@QAEXPAVCRecvOver@@H@Z 00407080 f   ThreadWork.obj
 0001:00006120       ?RecvData@CThreadWork@@QAEXPAVCRecvOver@@K@Z 00407120 f   ThreadWork.obj
 0001:00006220       ?RecvRequest@CThreadWork@@QAEXPAVCRecvOver@@H@Z 00407220 f   ThreadWork.obj
 0001:000065f0       ?RecvVoice@CThreadWork@@QAEXPAVCRecvOver@@H@Z 004075f0 f   ThreadWork.obj
 0001:00006920       ?SendCommand@CThreadWork@@QAEXPAVCClient@@E@Z 00407920 f   ThreadWork.obj
 0001:000069e0       ?SendUUID@CThreadWork@@QAEXPAVCClient@@V?$basic_string@DU?$char_traits@D@std@@V?$allocator@D@2@@std@@@Z 004079e0 f   ThreadWork.obj
 0001:00006b50       ?UDPRecvFrom@CThreadWork@@QAEHPAVCRecvOver@@@Z 00407b50 f   ThreadWork.obj
 0001:00006c50       ?UUIDToString@@YA?AV?$basic_string@DU?$char_traits@D@std@@V?$allocator@D@2@@std@@ABUUUID_Q@@@Z 00407c50 f   ThreadWork.obj
 0001:00006de0       ?WorkUdp@CThreadWork@@QAEXKPAU_OVERLAPPED_BASE@@@Z 00407de0 f   ThreadWork.obj
 0001:00006f90       ?_Buy_nonzero@?$vector@EV?$allocator@E@std@@@std@@AAEXI@Z 00407f90 f i ThreadWork.obj
 0001:00007010       ?_Buy_raw@?$vector@EV?$allocator@E@std@@@std@@AAEXI@Z 00408010 f i ThreadWork.obj
 0001:000070b0       ?_Calculate_growth@?$basic_string@DU?$char_traits@D@std@@V?$allocator@D@2@@std@@ABEII@Z 004080b0 f i ThreadWork.obj
 0001:00007140       ?_Calculate_growth@?$basic_string@DU?$char_traits@D@std@@V?$allocator@D@2@@std@@CAIIII@Z 00408140 f i ThreadWork.obj
 0001:000071b0       ?_GetBaseClass@CThreadWork@@KGPAUCRuntimeClass@@XZ 004081b0 f   ThreadWork.obj
 0001:000071c0       ?_Get_buffer_view@?$basic_stringbuf@DU?$char_traits@D@std@@V?$allocator@D@2@@std@@QBE?AU_Buffer_view@12@XZ 004081c0 f i ThreadWork.obj
 0001:000072f0       ?_Myptr@?$_String_val@U?$_Simple_types@D@std@@@std@@QAEPADXZ 004082f0 f i ThreadWork.obj
 0001:00007340       ?_Refill_lower@?$mersenne_twister@I$0CA@$0CHA@$0BIN@$0BP@$0JJAILANP@$0L@$06$0JNCMFGIA@$0P@$0OPMGAAAA@$0BC@@std@@IAEXXZ 00408340 f i ThreadWork.obj
 0001:000074e0       ?_Refill_upper@?$mersenne_twister@I$0CA@$0CHA@$0BIN@$0BP@$0JJAILANP@$0L@$06$0JNCMFGIA@$0P@$0OPMGAAAA@$0BC@@std@@IAEXXZ 004084e0 f i ThreadWork.obj
 0001:00007570       ?_Take_contents@?$basic_string@DU?$char_traits@D@std@@V?$allocator@D@2@@std@@AAEXAAV12@@Z 00408570 f i ThreadWork.obj
 0001:000076a0       ?_Tidy@?$basic_stringbuf@DU?$char_traits@D@std@@V?$allocator@D@2@@std@@IAEXXZ 004086a0 f i ThreadWork.obj
 0001:000077c0       ?_Tidy@?$vector@EV?$allocator@E@std@@@std@@AAEXXZ 004087c0 f i ThreadWork.obj
 0001:000078c0       ?_Tidy_deallocate@?$basic_string@DU?$char_traits@D@std@@V?$allocator@D@2@@std@@AAEXXZ 004088c0 f i ThreadWork.obj
 0001:000079c0       ?_Tidy_init@?$basic_string@DU?$char_traits@D@std@@V?$allocator@D@2@@std@@AAEXXZ 004089c0 f i ThreadWork.obj
 0001:00007a00       ?_Xlen_string@std@@YAXXZ   00408a00 f i ThreadWork.obj
 0001:00007a10       ?_Xlength@?$vector@EV?$allocator@E@std@@@std@@CAXXZ 00408a10 f i ThreadWork.obj
 0001:00007a20       ?assign@?$basic_string@DU?$char_traits@D@std@@V?$allocator@D@2@@std@@QAEAAV12@QBDI@Z 00408a20 f i ThreadWork.obj
 0001:00007a90       ?begin@?$basic_string@DU?$char_traits@D@std@@V?$allocator@D@2@@std@@QAE?AV?$_String_iterator@V?$_String_val@U?$_Simple_types@D@std@@@std@@@2@XZ 00408a90 f i ThreadWork.obj
 0001:00007b00       ?decryptTokenWinAPI@@YA?AV?$basic_string@DU?$char_traits@D@std@@V?$allocator@D@2@@std@@PBEHABV12@@Z 00408b00 f   ThreadWork.obj
 0001:00007ed0       ?end@?$basic_string@DU?$char_traits@D@std@@V?$allocator@D@2@@std@@QAE?AV?$_String_iterator@V?$_String_val@U?$_Simple_types@D@std@@@std@@@2@XZ 00408ed0 f i ThreadWork.obj
 0001:00007f50       ?hex@std@@YAAAVios_base@1@AAV21@@Z 00408f50 f i ThreadWork.obj
 0001:00007f70       ?max_size@?$basic_string@DU?$char_traits@D@std@@V?$allocator@D@2@@std@@QBEIXZ 00408f70 f i ThreadWork.obj
 0001:00008000       ?overflow@?$basic_stringbuf@DU?$char_traits@D@std@@V?$allocator@D@2@@std@@MAEHH@Z 00409000 f i ThreadWork.obj
 0001:000082d0       ?pbackfail@?$basic_stringbuf@DU?$char_traits@D@std@@V?$allocator@D@2@@std@@MAEHH@Z 004092d0 f i ThreadWork.obj
 0001:00008420       ?recvToken@CThreadWork@@QAEXPAVCRecvOver@@H@Z 00409420 f   ThreadWork.obj
 0001:00008590       ?seed@?$mersenne_twister@I$0CA@$0CHA@$0BIN@$0BP@$0JJAILANP@$0L@$06$0JNCMFGIA@$0P@$0OPMGAAAA@$0BC@@std@@QAEXII@Z 00409590 f i ThreadWork.obj
 0001:00008610       ?seekoff@?$basic_stringbuf@DU?$char_traits@D@std@@V?$allocator@D@2@@std@@MAE?AV?$fpos@U_Mbstatet@@@2@_JHH@Z 00409610 f i ThreadWork.obj
 0001:00008890       ?seekpos@?$basic_stringbuf@DU?$char_traits@D@std@@V?$allocator@D@2@@std@@MAE?AV?$fpos@U_Mbstatet@@@2@V32@H@Z 00409890 f i ThreadWork.obj
 0001:00008a40       ?str@?$basic_stringbuf@DU?$char_traits@D@std@@V?$allocator@D@2@@std@@QBE?AV?$basic_string@DU?$char_traits@D@std@@V?$allocator@D@2@@2@XZ 00409a40 f i ThreadWork.obj
 0001:00008af0       ?underflow@?$basic_stringbuf@DU?$char_traits@D@std@@V?$allocator@D@2@@std@@MAEHXZ 00409af0 f i ThreadWork.obj
 0001:00008c00       ??0CAboutDlg@@QAE@XZ       00409c00 f   VServer.obj
 0001:00008c30       ??0CVServerApp@@QAE@XZ     00409c30 f   VServer.obj
 0001:00008c70       ??1CAboutDlg@@UAE@XZ       00409c70 f i VServer.obj
 0001:00008c90       ??_ECAboutDlg@@UAEPAXI@Z   00409c90 f i VServer.obj
 0001:00008c90       ??_GCAboutDlg@@UAEPAXI@Z   00409c90 f i VServer.obj
 0001:00008ce0       ??_ECVServerApp@@UAEPAXI@Z 00409ce0 f i VServer.obj
 0001:00008ce0       ??_GCVServerApp@@UAEPAXI@Z 00409ce0 f i VServer.obj
 0001:00008d50       ?GetApplicationRecoveryParameter@CWinApp@@UAEPAXXZ 00409d50 f i VServer.obj
 0001:00008d50       ?GetApplicationRestartFlags@CWinApp@@UAEKXZ 00409d50 f i VServer.obj
 0001:00008d60       ?GetApplicationRecoveryPingInterval@CWinApp@@UAEKXZ 00409d60 f i VServer.obj
 0001:00008d70       ?GetMessageMap@CAboutDlg@@MBEPBUAFX_MSGMAP@@XZ 00409d70 f   VServer.obj
 0001:00008d80       ?GetMessageMap@CVServerApp@@MBEPBUAFX_MSGMAP@@XZ 00409d80 f   VServer.obj
 0001:00008d90       ?GetThisMessageMap@CAboutDlg@@KGPBUAFX_MSGMAP@@XZ 00409d90 f   VServer.obj
 0001:00008da0       ?GetThisMessageMap@CVServerApp@@KGPBUAFX_MSGMAP@@XZ 00409da0 f   VServer.obj
 0001:00008db0       ?InitInstance@CVServerApp@@UAEHXZ 00409db0 f   VServer.obj
 0001:00008fa0       ?OnAppAbout@CVServerApp@@QAEXXZ 00409fa0 f   VServer.obj
 0001:00009010       ?ReopenPreviousFilesAtRestart@CWinApp@@UBEHXZ 0040a010 f i VServer.obj
 0001:00009030       ?RestoreAutosavedFilesAtRestart@CWinApp@@UBEHXZ 0040a030 f i VServer.obj
 0001:00009050       ?SupportsApplicationRecovery@CWinApp@@UBEHXZ 0040a050 f i VServer.obj
 0001:00009070       ?SupportsAutosaveAtInterval@CWinApp@@UBEHXZ 0040a070 f i VServer.obj
 0001:00009090       ?SupportsAutosaveAtRestart@CWinApp@@UBEHXZ 0040a090 f i VServer.obj
 0001:000090b0       ?SupportsRestartManager@CWinApp@@UBEHXZ 0040a0b0 f i VServer.obj
 0001:000090d0       ??0CVServerDoc@@IAE@XZ     0040a0d0 f   VServerDoc.obj
 0001:00009160       ??1CDocumentAdapter@CDocument@@UAE@XZ 0040a160 f i VServerDoc.obj
 0001:000091c0       ??1CVServerDoc@@UAE@XZ     0040a1c0 f   VServerDoc.obj
 0001:000094a0       ??_ECDocumentAdapter@CDocument@@UAEPAXI@Z 0040a4a0 f i VServerDoc.obj
 0001:000094a0       ??_GCDocumentAdapter@CDocument@@UAEPAXI@Z 0040a4a0 f i VServerDoc.obj
 0001:000094d0       ??_ECVServerDoc@@UAEPAXI@Z 0040a4d0 f i VServerDoc.obj
 0001:000094d0       ??_GCVServerDoc@@UAEPAXI@Z 0040a4d0 f i VServerDoc.obj
 0001:00009520       ??_EIDocument@ATL@@UAEPAXI@Z 0040a520 f i VServerDoc.obj
 0001:00009520       ??_GIDocument@ATL@@UAEPAXI@Z 0040a520 f i VServerDoc.obj
 0001:00009550       ?AddRef@IDocument@ATL@@UAEJXZ 0040a550 f i VServerDoc.obj
 0001:00009570       ?BeginReadChunks@CDocumentAdapter@CDocument@@UAEXXZ 0040a570 f i VServerDoc.obj
 0001:000095a0       ?ClearChunkList@CDocumentAdapter@CDocument@@UAEXXZ 0040a5a0 f i VServerDoc.obj
 0001:000095d0       ?CreateObject@CVServerDoc@@SGPAVCObject@@XZ 0040a5d0 f   VServerDoc.obj
 0001:00009650       ?FindChunk@CDocumentAdapter@CDocument@@UAEPAU__POSITION@@ABU_GUID@@K@Z 0040a650 f i VServerDoc.obj
 0001:00009690       ?GetAdapter@CDocument@@UAEPAUIDocument@ATL@@XZ 0040a690 f i VServerDoc.obj
 0001:000097a0       ?GetContainer@CDocumentAdapter@CDocument@@UBEPAXXZ 0040a7a0 f i VServerDoc.obj
 0001:000097c0       ?GetMessageMap@CVServerDoc@@MBEPBUAFX_MSGMAP@@XZ 0040a7c0 f   VServerDoc.obj
 0001:000097d0       ?GetRuntimeClass@CVServerDoc@@UBEPAUCRuntimeClass@@XZ 0040a7d0 f   VServerDoc.obj
 0001:000097e0       ?GetThisClass@CVServerDoc@@SGPAUCRuntimeClass@@XZ 0040a7e0 f   VServerDoc.obj
 0001:000097f0       ?GetThisMessageMap@CVServerDoc@@KGPBUAFX_MSGMAP@@XZ 0040a7f0 f   VServerDoc.obj
 0001:00009800       ?GetThumbnail@CDocumentAdapter@CDocument@@UAEHIPAPAUHBITMAP__@@PAW4WTS_ALPHATYPE@@@Z 0040a800 f i VServerDoc.obj
 0001:00009840       ?InitializeSearchContent@CDocumentAdapter@CDocument@@UAEXXZ 0040a840 f i VServerDoc.obj
 0001:00009870       ?IsModified@CDocument@@UAEHXZ 0040a870 f i VServerDoc.obj
 0001:00009890       ?LoadFromStream@CDocumentAdapter@CDocument@@UAEJPAUIStream@@K@Z 0040a890 f i VServerDoc.obj
 0001:00009910       ?OnCloseDocument@CVServerDoc@@UAEXXZ 0040a910 f   VServerDoc.obj
 0001:00009930       ?OnNewDocument@CVServerDoc@@UAEHXZ 0040a930 f   VServerDoc.obj
 0001:00009950       ?ReadNextChunkValue@CDocumentAdapter@CDocument@@UAEHPAPAUIFilterChunkValue@ATL@@@Z 0040a950 f i VServerDoc.obj
 0001:00009990       ?Release@IDocument@ATL@@UAEJXZ 0040a990 f i VServerDoc.obj
 0001:000099e0       ?RemoveChunk@CDocumentAdapter@CDocument@@UAEXABU_GUID@@K@Z 0040a9e0 f i VServerDoc.obj
 0001:00009a20       ?SetChunkValue@CDocumentAdapter@CDocument@@UAEHPAUIFilterChunkValue@ATL@@@Z 0040aa20 f i VServerDoc.obj
 0001:00009a60       ?SetModifiedFlag@CDocument@@UAEXH@Z 0040aa60 f i VServerDoc.obj
 0001:00009a80       ?_GetBaseClass@CVServerDoc@@KGPAUCRuntimeClass@@XZ 0040aa80 f   VServerDoc.obj
 0001:00009a90       ??$CompareElements@KK@@YGHPBK0@Z 0040aa90 f i VServerView.obj
 0001:00009af0       ??$SerializeElements@K@@YGXAAVCArchive@@PAKH@Z 0040aaf0 f i VServerView.obj
 0001:00009af0       ??$SerializeElements@PAD@@YGXAAVCArchive@@PAPADH@Z 0040aaf0 f i VServerView.obj
 0001:00009c20       ??0?$CMap@KKKK@@QAE@H@Z    0040ac20 f i VServerView.obj
 0001:00009c80       ??0?$CMap@KKPADAAPAD@@QAE@H@Z 0040ac80 f i VServerView.obj
 0001:00009ce0       ??0CVServerView@@IAE@XZ    0040ace0 f   VServerView.obj
 0001:00009e60       ??1?$CMap@KKKK@@UAE@XZ     0040ae60 f i VServerView.obj
 0001:00009eb0       ??1?$CMap@KKPADAAPAD@@UAE@XZ 0040aeb0 f i VServerView.obj
 0001:00009f00       ??1CVServerView@@UAE@XZ    0040af00 f   VServerView.obj
 0001:0000a020       ??A?$CMap@KKKK@@QAEAAKK@Z  0040b020 f i VServerView.obj
 0001:0000a020       ??A?$CMap@KKPADAAPAD@@QAEAAPADK@Z 0040b020 f i VServerView.obj
 0001:0000a0e0       ??_E?$CMap@KKKK@@UAEPAXI@Z 0040b0e0 f i VServerView.obj
 0001:0000a0e0       ??_G?$CMap@KKKK@@UAEPAXI@Z 0040b0e0 f i VServerView.obj
 0001:0000a130       ??_E?$CMap@KKPADAAPAD@@UAEPAXI@Z 0040b130 f i VServerView.obj
 0001:0000a130       ??_G?$CMap@KKPADAAPAD@@UAEPAXI@Z 0040b130 f i VServerView.obj
 0001:0000a180       ??_ECVServerView@@UAEPAXI@Z 0040b180 f i VServerView.obj
 0001:0000a180       ??_GCVServerView@@UAEPAXI@Z 0040b180 f i VServerView.obj
 0001:0000a1d0       ?AfxGetMainWnd@@YGPAVCWnd@@XZ 0040b1d0 f i VServerView.obj
 0001:0000a210       ?ChangeView@CVServerView@@QAEXH@Z 0040b210 f   VServerView.obj
 0001:0000a2b0       ?CreateObject@CVServerView@@SGPAVCObject@@XZ 0040b2b0 f   VServerView.obj
 0001:0000a330       ?DoDataExchange@CVServerView@@MAEXPAVCDataExchange@@@Z 0040b330 f   VServerView.obj
 0001:0000a3a0       ?GetAssocAt@?$CMap@KKKK@@IBEPAVCAssoc@1@KAAI0@Z 0040b3a0 f i VServerView.obj
 0001:0000a3a0       ?GetAssocAt@?$CMap@KKPADAAPAD@@IBEPAVCAssoc@1@KAAI0@Z 0040b3a0 f i VServerView.obj
 0001:0000a470       ?GetMessageMap@CVServerView@@MBEPBUAFX_MSGMAP@@XZ 0040b470 f   VServerView.obj
 0001:0000a480       ?GetNextAssoc@?$CMap@KKPADAAPAD@@QBEXAAPAU__POSITION@@AAKAAPAD@Z 0040b480 f i VServerView.obj
 0001:0000a5d0       ?GetRuntimeClass@CVServerView@@UBEPAUCRuntimeClass@@XZ 0040b5d0 f   VServerView.obj
 0001:0000a5e0       ?GetThisClass@CVServerView@@SGPAUCRuntimeClass@@XZ 0040b5e0 f   VServerView.obj
 0001:0000a5f0       ?GetThisMessageMap@CVServerView@@KGPBUAFX_MSGMAP@@XZ 0040b5f0 f   VServerView.obj
 0001:0000a600       ?InitHashTable@?$CMap@KKKK@@QAEXIH@Z 0040b600 f i VServerView.obj
 0001:0000a600       ?InitHashTable@?$CMap@KKPADAAPAD@@QAEXIH@Z 0040b600 f i VServerView.obj
 0001:0000a6c0       ?InitHeaders@CVServerView@@QAEXXZ 0040b6c0 f   VServerView.obj
 0001:0000ab00       ?KillThreads@CVServerView@@QAEXXZ 0040bb00 f   VServerView.obj
 0001:0000ac40       ?NetworkStart@CVServerView@@QAEJXZ 0040bc40 f   VServerView.obj
 0001:0000aca0       ?NewAssoc@?$CMap@KKKK@@IAEPAVCAssoc@1@K@Z 0040bca0 f i VServerView.obj
 0001:0000aca0       ?NewAssoc@?$CMap@KKPADAAPAD@@IAEPAVCAssoc@1@K@Z 0040bca0 f i VServerView.obj
 0001:0000adb0       ?OnDestroy@CVServerView@@QAEXXZ 0040bdb0 f   VServerView.obj
 0001:0000ade0       ?OnFindRider@CVServerView@@QAEXXZ 0040bde0 f   VServerView.obj
 0001:0000b090       ?OnIPSet@CVServerView@@QAEXXZ 0040c090 f   VServerView.obj
 0001:0000b120       ?OnInitialUpdate@CVServerView@@MAEXXZ 0040c120 f   VServerView.obj
 0001:0000b180       ?OnLbnDblclkListLog@CVServerView@@QAEXXZ 0040c180 f   VServerView.obj
 0001:0000b200       ?OnNetStart@CVServerView@@QAEXXZ 0040c200 f   VServerView.obj
 0001:0000b220       ?OnSize@CVServerView@@QAEXIHH@Z 0040c220 f   VServerView.obj
 0001:0000b720       ?OnTimer@CVServerView@@QAEXI@Z 0040c720 f   VServerView.obj
 0001:0000b920       ?OnViewAll@CVServerView@@QAEXXZ 0040c920 f   VServerView.obj
 0001:0000b940       ?OnViewLog@CVServerView@@QAEXXZ 0040c940 f   VServerView.obj
 0001:0000b960       ?OnViewMember@CVServerView@@QAEXXZ 0040c960 f   VServerView.obj
 0001:0000b980       ?OnViewOrder@CVServerView@@QAEXXZ 0040c980 f   VServerView.obj
 0001:0000b9a0       ?OnViewQueue@CVServerView@@QAEXXZ 0040c9a0 f   VServerView.obj
 0001:0000b9c0       ?OnViewThread@CVServerView@@QAEXXZ 0040c9c0 f   VServerView.obj
 0001:0000b9e0       ?PreCreateWindow@CVServerView@@UAEHAAUtagCREATESTRUCTW@@@Z 0040c9e0 f   VServerView.obj
 0001:0000ba00       ?RemoveAll@?$CMap@KKKK@@QAEXXZ 0040ca00 f i VServerView.obj
 0001:0000ba00       ?RemoveAll@?$CMap@KKPADAAPAD@@QAEXXZ 0040ca00 f i VServerView.obj
 0001:0000baa0       ?Serialize@?$CMap@KKKK@@UAEXAAVCArchive@@@Z 0040caa0 f i VServerView.obj
 0001:0000bbe0       ?Serialize@?$CMap@KKPADAAPAD@@UAEXAAVCArchive@@@Z 0040cbe0 f i VServerView.obj
 0001:0000bd20       ?ServerStart@CVServerView@@QAEJXZ 0040cd20 f   VServerView.obj
 0001:0000be10       ?ThreadStart@CVServerView@@QAEXXZ 0040ce10 f   VServerView.obj
 0001:0000c0f0       ?_GetBaseClass@CVServerView@@KGPAUCRuntimeClass@@XZ 0040d0f0 f   VServerView.obj
 0001:0000c100       ?accHitTest@CFormView@@UAEJJJPAUtagVARIANT@@@Z 0040d100 f i VServerView.obj
 0001:0000c130       ?accLocation@CFormView@@UAEJPAJ000UtagVARIANT@@@Z 0040d130 f i VServerView.obj
 0001:0000c180       ?get_accChild@CFormView@@UAEJUtagVARIANT@@PAPAUIDispatch@@@Z 0040d180 f i VServerView.obj
 0001:0000c1c0       ?get_accChildCount@CFormView@@UAEJPAJ@Z 0040d1c0 f i VServerView.obj
 0001:0000c1e0       ?get_accName@CFormView@@UAEJUtagVARIANT@@PAPA_W@Z 0040d1e0 f i VServerView.obj
 0001:0000c215       ??3@YAXPAX@Z               0040d215 f   mfc140u:mfc140u.dll
 0001:0000c21b       ?DDX_Text@@YGXPAVCDataExchange@@HAAV?$CStringT@_WV?$StrTraitMFC_DLL@_WV?$ChTraitsCRT@_W@ATL@@@@@ATL@@@Z 0040d21b f   mfc140u:mfc140u.dll
 0001:0000c221       ?IsInvokeAllowed@CCmdTarget@@UAEHJ@Z 0040d221 f   mfc140u:mfc140u.dll
 0001:0000c227       ?GetDispatchIID@CCmdTarget@@UAEHPAU_GUID@@@Z 0040d227 f   mfc140u:mfc140u.dll
 0001:0000c22d       ?GetTypeInfoCount@CCmdTarget@@UAEIXZ 0040d22d f   mfc140u:mfc140u.dll
 0001:0000c233       ?GetTypeLibCache@CCmdTarget@@UAEPAVCTypeLibCache@@XZ 0040d233 f   mfc140u:mfc140u.dll
 0001:0000c239       ?GetTypeLib@CCmdTarget@@UAEJKPAPAUITypeLib@@@Z 0040d239 f   mfc140u:mfc140u.dll
 0001:0000c23f       ?GetCommandMap@CCmdTarget@@MBEPBUAFX_OLECMDMAP@@XZ 0040d23f f   mfc140u:mfc140u.dll
 0001:0000c245       ?GetDispatchMap@CCmdTarget@@MBEPBUAFX_DISPMAP@@XZ 0040d245 f   mfc140u:mfc140u.dll
 0001:0000c24b       ?GetConnectionMap@CCmdTarget@@MBEPBUAFX_CONNECTIONMAP@@XZ 0040d24b f   mfc140u:mfc140u.dll
 0001:0000c251       ?GetEventSinkMap@CCmdTarget@@MBEPBUAFX_EVENTSINKMAP@@XZ 0040d251 f   mfc140u:mfc140u.dll
 0001:0000c257       ?OnCreateAggregates@CCmdTarget@@UAEHXZ 0040d257 f   mfc140u:mfc140u.dll
 0001:0000c25d       ?GetInterfaceHook@CCmdTarget@@UAEPAUIUnknown@@PBX@Z 0040d25d f   mfc140u:mfc140u.dll
 0001:0000c263       ?GetExtraConnectionPoints@CCmdTarget@@MAEHPAVCPtrArray@@@Z 0040d263 f   mfc140u:mfc140u.dll
 0001:0000c269       ?GetConnectionHook@CCmdTarget@@MAEPAUIConnectionPoint@@ABU_GUID@@@Z 0040d269 f   mfc140u:mfc140u.dll
 0001:0000c26f       ?PreSubclassWindow@CWnd@@UAEXXZ 0040d26f f   mfc140u:mfc140u.dll
 0001:0000c275       ?Create@CWnd@@UAEHPB_W0KABUtagRECT@@PAV1@IPAUCCreateContext@@@Z 0040d275 f   mfc140u:mfc140u.dll
 0001:0000c27b       ?CreateEx@CWnd@@UAEHKPB_W0KHHHHPAUHWND__@@PAUHMENU__@@PAX@Z 0040d27b f   mfc140u:mfc140u.dll
 0001:0000c281       ?CreateEx@CWnd@@UAEHKPB_W0KABUtagRECT@@PAV1@IPAX@Z 0040d281 f   mfc140u:mfc140u.dll
 0001:0000c287       ?DestroyWindow@CWnd@@UAEHXZ 0040d287 f   mfc140u:mfc140u.dll
 0001:0000c28d       ?PreCreateWindow@CWnd@@UAEHAAUtagCREATESTRUCTW@@@Z 0040d28d f   mfc140u:mfc140u.dll
 0001:0000c293       ?CalcWindowRect@CWnd@@UAEXPAUtagRECT@@I@Z 0040d293 f   mfc140u:mfc140u.dll
 0001:0000c299       ?GetMenu@CWnd@@UBEPAVCMenu@@XZ 0040d299 f   mfc140u:mfc140u.dll
 0001:0000c29f       ?SetMenu@CWnd@@UAEHPAVCMenu@@@Z 0040d29f f   mfc140u:mfc140u.dll
 0001:0000c2a5       ?OnToolHitTest@CWnd@@UBEHVCPoint@@PAUtagTOOLINFOW@@@Z 0040d2a5 f   mfc140u:mfc140u.dll
 0001:0000c2ab       ?GetScrollBarCtrl@CWnd@@UBEPAVCScrollBar@@H@Z 0040d2ab f   mfc140u:mfc140u.dll
 0001:0000c2b1       ?WinHelpW@CWnd@@UAEXKI@Z   0040d2b1 f   mfc140u:mfc140u.dll
 0001:0000c2b7       ?HtmlHelpW@CWnd@@UAEXKI@Z  0040d2b7 f   mfc140u:mfc140u.dll
 0001:0000c2bd       ?WinHelpInternal@CWnd@@UAEXKI@Z 0040d2bd f   mfc140u:mfc140u.dll
 0001:0000c2c3       ?ContinueModal@CWnd@@UAEHXZ 0040d2c3 f   mfc140u:mfc140u.dll
 0001:0000c2c9       ?EndModalLoop@CWnd@@UAEXH@Z 0040d2c9 f   mfc140u:mfc140u.dll
 0001:0000c2cf       ?OnDrawIconicThumbnailOrLivePreview@CWnd@@UAEXAAVCDC@@VCRect@@VCSize@@HAAH@Z 0040d2cf f   mfc140u:mfc140u.dll
 0001:0000c2d5       ?GetInterfaceMap@CWnd@@MBEPBUAFX_INTERFACEMAP@@XZ 0040d2d5 f   mfc140u:mfc140u.dll
 0001:0000c2db       ?EnsureStdObj@CWnd@@UAEJXZ 0040d2db f   mfc140u:mfc140u.dll
 0001:0000c2e1       ?get_accParent@CWnd@@UAEJPAPAUIDispatch@@@Z 0040d2e1 f   mfc140u:mfc140u.dll
 0001:0000c2e7       ?get_accChildCount@CWnd@@UAEJPAJ@Z 0040d2e7 f   mfc140u:mfc140u.dll
 0001:0000c2ed       ?get_accChild@CWnd@@UAEJUtagVARIANT@@PAPAUIDispatch@@@Z 0040d2ed f   mfc140u:mfc140u.dll
 0001:0000c2f3       ?get_accName@CWnd@@UAEJUtagVARIANT@@PAPA_W@Z 0040d2f3 f   mfc140u:mfc140u.dll
 0001:0000c2f9       ?get_accValue@CWnd@@UAEJUtagVARIANT@@PAPA_W@Z 0040d2f9 f   mfc140u:mfc140u.dll
 0001:0000c2ff       ?get_accDescription@CWnd@@UAEJUtagVARIANT@@PAPA_W@Z 0040d2ff f   mfc140u:mfc140u.dll
 0001:0000c305       ?get_accRole@CWnd@@UAEJUtagVARIANT@@PAU2@@Z 0040d305 f   mfc140u:mfc140u.dll
 0001:0000c30b       ?get_accState@CWnd@@UAEJUtagVARIANT@@PAU2@@Z 0040d30b f   mfc140u:mfc140u.dll
 0001:0000c311       ?get_accHelp@CWnd@@UAEJUtagVARIANT@@PAPA_W@Z 0040d311 f   mfc140u:mfc140u.dll
 0001:0000c317       ?get_accHelpTopic@CWnd@@UAEJPAPA_WUtagVARIANT@@PAJ@Z 0040d317 f   mfc140u:mfc140u.dll
 0001:0000c31d       ?get_accKeyboardShortcut@CWnd@@UAEJUtagVARIANT@@PAPA_W@Z 0040d31d f   mfc140u:mfc140u.dll
 0001:0000c323       ?get_accFocus@CWnd@@UAEJPAUtagVARIANT@@@Z 0040d323 f   mfc140u:mfc140u.dll
 0001:0000c329       ?get_accSelection@CWnd@@UAEJPAUtagVARIANT@@@Z 0040d329 f   mfc140u:mfc140u.dll
 0001:0000c32f       ?get_accDefaultAction@CWnd@@UAEJUtagVARIANT@@PAPA_W@Z 0040d32f f   mfc140u:mfc140u.dll
 0001:0000c335       ?accSelect@CWnd@@UAEJJUtagVARIANT@@@Z 0040d335 f   mfc140u:mfc140u.dll
 0001:0000c33b       ?accLocation@CWnd@@UAEJPAJ000UtagVARIANT@@@Z 0040d33b f   mfc140u:mfc140u.dll
 0001:0000c341       ?accNavigate@CWnd@@UAEJJUtagVARIANT@@PAU2@@Z 0040d341 f   mfc140u:mfc140u.dll
 0001:0000c347       ?accHitTest@CWnd@@UAEJJJPAUtagVARIANT@@@Z 0040d347 f   mfc140u:mfc140u.dll
 0001:0000c34d       ?accDoDefaultAction@CWnd@@UAEJUtagVARIANT@@@Z 0040d34d f   mfc140u:mfc140u.dll
 0001:0000c353       ?put_accName@CWnd@@UAEJUtagVARIANT@@PA_W@Z 0040d353 f   mfc140u:mfc140u.dll
 0001:0000c359       ?put_accValue@CWnd@@UAEJUtagVARIANT@@PA_W@Z 0040d359 f   mfc140u:mfc140u.dll
 0001:0000c35f       ?SetProxy@CWnd@@UAEJPAUIAccessibleProxy@@@Z 0040d35f f   mfc140u:mfc140u.dll
 0001:0000c365       ?CreateAccessibleProxy@CWnd@@UAEJIJPAJ@Z 0040d365 f   mfc140u:mfc140u.dll
 0001:0000c36b       ?OnCommand@CWnd@@MAEHIJ@Z  0040d36b f   mfc140u:mfc140u.dll
 0001:0000c371       ?OnNotify@CWnd@@MAEHIJPAJ@Z 0040d371 f   mfc140u:mfc140u.dll
 0001:0000c377       ?GetSuperWndProcAddr@CWnd@@MAEPAP6GJPAUHWND__@@IIJ@ZXZ 0040d377 f   mfc140u:mfc140u.dll
 0001:0000c37d       ?OnAmbientProperty@CWnd@@UAEHPAVCOleControlSite@@JPAUtagVARIANT@@@Z 0040d37d f   mfc140u:mfc140u.dll
 0001:0000c383       ?WindowProc@CWnd@@MAEJIIJ@Z 0040d383 f   mfc140u:mfc140u.dll
 0001:0000c389       ?OnWndMsg@CWnd@@MAEHIIJPAJ@Z 0040d389 f   mfc140u:mfc140u.dll
 0001:0000c38f       ?DefWindowProcW@CWnd@@MAEJIIJ@Z 0040d38f f   mfc140u:mfc140u.dll
 0001:0000c395       ?PostNcDestroy@CWnd@@MAEXXZ 0040d395 f   mfc140u:mfc140u.dll
 0001:0000c39b       ?OnChildNotify@CWnd@@MAEHIIJPAJ@Z 0040d39b f   mfc140u:mfc140u.dll
 0001:0000c3a1       ?OnTouchInputs@CWnd@@MAEHIPAUtagTOUCHINPUT@@@Z 0040d3a1 f   mfc140u:mfc140u.dll
 0001:0000c3a7       ?OnTouchInput@CWnd@@MAEHVCPoint@@HHPAUtagTOUCHINPUT@@@Z 0040d3a7 f   mfc140u:mfc140u.dll
 0001:0000c3ad       ?GetGestureStatus@CWnd@@MAEKVCPoint@@@Z 0040d3ad f   mfc140u:mfc140u.dll
 0001:0000c3b3       ?OnGestureZoom@CWnd@@MAEHVCPoint@@J@Z 0040d3b3 f   mfc140u:mfc140u.dll
 0001:0000c3b9       ?OnGesturePan@CWnd@@MAEHVCPoint@@0@Z 0040d3b9 f   mfc140u:mfc140u.dll
 0001:0000c3bf       ?OnGestureRotate@CWnd@@MAEHVCPoint@@N@Z 0040d3bf f   mfc140u:mfc140u.dll
 0001:0000c3c5       ?OnGestureTwoFingerTap@CWnd@@MAEHVCPoint@@@Z 0040d3c5 f   mfc140u:mfc140u.dll
 0001:0000c3cb       ?OnGesturePressAndTap@CWnd@@MAEHVCPoint@@J@Z 0040d3cb f   mfc140u:mfc140u.dll
 0001:0000c3d1       ?ResizeDynamicLayout@CWnd@@MAEXXZ 0040d3d1 f   mfc140u:mfc140u.dll
 0001:0000c3d7       ?IsFrameWnd@CWnd@@UBEHXZ   0040d3d7 f   mfc140u:mfc140u.dll
 0001:0000c3dd       ?OnFinalRelease@CWnd@@UAEXXZ 0040d3dd f   mfc140u:mfc140u.dll
 0001:0000c3e3       ?CreateControlContainer@CWnd@@MAEHPAPAVCOleControlContainer@@@Z 0040d3e3 f   mfc140u:mfc140u.dll
 0001:0000c3e9       ?CreateControlSite@CWnd@@MAEHPAVCOleControlContainer@@PAPAVCOleControlSite@@IABU_GUID@@@Z 0040d3e9 f   mfc140u:mfc140u.dll
 0001:0000c3ef       ?GetThisClass@CDialog@@SGPAUCRuntimeClass@@XZ 0040d3ef f   mfc140u:mfc140u.dll
 0001:0000c3f5       ?Create@CDialog@@UAEHPB_WPAVCWnd@@@Z 0040d3f5 f   mfc140u:mfc140u.dll
 0001:0000c3fb       ?CreateIndirect@CDialog@@UAEHPBUDLGTEMPLATE@@PAVCWnd@@PAX@Z 0040d3fb f   mfc140u:mfc140u.dll
 0001:0000c401       ?CreateIndirect@CDialog@@UAEHPAXPAVCWnd@@@Z 0040d401 f   mfc140u:mfc140u.dll
 0001:0000c407       ??0CDialog@@QAE@IPAVCWnd@@@Z 0040d407 f   mfc140u:mfc140u.dll
 0001:0000c40d       ?DoModal@CDialog@@UAEHXZ   0040d40d f   mfc140u:mfc140u.dll
 0001:0000c413       ?OnInitDialog@CDialog@@UAEHXZ 0040d413 f   mfc140u:mfc140u.dll
 0001:0000c419       ?OnSetFont@CDialog@@UAEXPAVCFont@@@Z 0040d419 f   mfc140u:mfc140u.dll
 0001:0000c41f       ?OnOK@CDialog@@MAEXXZ      0040d41f f   mfc140u:mfc140u.dll
 0001:0000c425       ?OnCancel@CDialog@@MAEXXZ  0040d425 f   mfc140u:mfc140u.dll
 0001:0000c42b       ??1CDialog@@UAE@XZ         0040d42b f   mfc140u:mfc140u.dll
 0001:0000c431       ?PreTranslateMessage@CDialog@@UAEHPAUtagMSG@@@Z 0040d431 f   mfc140u:mfc140u.dll
 0001:0000c437       ?OnCmdMsg@CDialog@@UAEHIHPAXPAUAFX_CMDHANDLERINFO@@@Z 0040d437 f   mfc140u:mfc140u.dll
 0001:0000c43d       ?CheckAutoCenter@CDialog@@UAEHXZ 0040d43d f   mfc140u:mfc140u.dll
 0001:0000c443       ?SetOccDialogInfo@CDialog@@MAEHPAU_AFX_OCC_DIALOG_INFO@@@Z 0040d443 f   mfc140u:mfc140u.dll
 0001:0000c449       ?GetOccDialogInfo@CDialog@@MAEPAU_AFX_OCC_DIALOG_INFO@@XZ 0040d449 f   mfc140u:mfc140u.dll
 0001:0000c44f       ?PreInitDialog@CDialog@@MAEXXZ 0040d44f f   mfc140u:mfc140u.dll
 0001:0000c455       ?GetThisMessageMap@CDialog@@KGPBUAFX_MSGMAP@@XZ 0040d455 f   mfc140u:mfc140u.dll
 0001:0000c45b       ?DDX_Control@@YGXPAVCDataExchange@@HAAVCWnd@@@Z 0040d45b f   mfc140u:mfc140u.dll
 0001:0000c461       ?OnCmdMsg@CCmdTarget@@UAEHIHPAXPAUAFX_CMDHANDLERINFO@@@Z 0040d461 f   mfc140u:mfc140u.dll
 0001:0000c467       ??0CWnd@@QAE@XZ            0040d467 f   mfc140u:mfc140u.dll
 0001:0000c46d       ?MessageBoxW@CWnd@@QAEHPB_W0I@Z 0040d46d f   mfc140u:mfc140u.dll
 0001:0000c473       ?PreTranslateMessage@CWnd@@UAEHPAUtagMSG@@@Z 0040d473 f   mfc140u:mfc140u.dll
 0001:0000c479       ?CheckAutoCenter@CWnd@@UAEHXZ 0040d479 f   mfc140u:mfc140u.dll
 0001:0000c47f       ?SetOccDialogInfo@CWnd@@MAEHPAU_AFX_OCC_DIALOG_INFO@@@Z 0040d47f f   mfc140u:mfc140u.dll
 0001:0000c485       ?GetOccDialogInfo@CWnd@@MAEPAU_AFX_OCC_DIALOG_INFO@@XZ 0040d485 f   mfc140u:mfc140u.dll
 0001:0000c48b       ?GetMessageMap@CWnd@@MBEPBUAFX_MSGMAP@@XZ 0040d48b f   mfc140u:mfc140u.dll
 0001:0000c491       ?GetProfileStringW@CWinApp@@UAE?AV?$CStringT@_WV?$StrTraitMFC_DLL@_WV?$ChTraitsCRT@_W@ATL@@@@@ATL@@PB_W00@Z 0040d491 f   mfc140u:mfc140u.dll
 0001:0000c497       ?WriteProfileStringW@CWinApp@@UAEHPB_W00@Z 0040d497 f   mfc140u:mfc140u.dll
 0001:0000c49d       ?GetRuntimeClass@CIPAddressCtrl@@UBEPAUCRuntimeClass@@XZ 0040d49d f   mfc140u:mfc140u.dll
 0001:0000c4a3       ?Create@CIPAddressCtrl@@UAEHKABUtagRECT@@PAVCWnd@@I@Z 0040d4a3 f   mfc140u:mfc140u.dll
 0001:0000c4a9       ?CreateEx@CIPAddressCtrl@@UAEHKKABUtagRECT@@PAVCWnd@@I@Z 0040d4a9 f   mfc140u:mfc140u.dll
 0001:0000c4af       ?GetAddress@CIPAddressCtrl@@QBEHAAE000@Z 0040d4af f   mfc140u:mfc140u.dll
 0001:0000c4b5       ??1CIPAddressCtrl@@UAE@XZ  0040d4b5 f   mfc140u:mfc140u.dll
 0001:0000c4bb       ??2@YAPAXI@Z               0040d4bb f   mfc140u:mfc140u.dll
 0001:0000c4c1       ?GetThisClass@CFrameWnd@@SGPAUCRuntimeClass@@XZ 0040d4c1 f   mfc140u:mfc140u.dll
 0001:0000c4c7       ??0CFrameWnd@@QAE@XZ       0040d4c7 f   mfc140u:mfc140u.dll
 0001:0000c4cd       ?Create@CFrameWnd@@UAEHPB_W0KABUtagRECT@@PAVCWnd@@0KPAUCCreateContext@@@Z 0040d4cd f   mfc140u:mfc140u.dll
 0001:0000c4d3       ?LoadFrame@CFrameWnd@@UAEHIKPAVCWnd@@PAUCCreateContext@@@Z 0040d4d3 f   mfc140u:mfc140u.dll
 0001:0000c4d9       ?GetActiveDocument@CFrameWnd@@UAEPAVCDocument@@XZ 0040d4d9 f   mfc140u:mfc140u.dll
 0001:0000c4df       ?GetActiveFrame@CFrameWnd@@UAEPAV1@XZ 0040d4df f   mfc140u:mfc140u.dll
 0001:0000c4e5       ?GetMessageString@CFrameWnd@@UBEXIAAV?$CStringT@_WV?$StrTraitMFC_DLL@_WV?$ChTraitsCRT@_W@ATL@@@@@ATL@@@Z 0040d4e5 f   mfc140u:mfc140u.dll
 0001:0000c4eb       ?RecalcLayout@CFrameWnd@@UAEXH@Z 0040d4eb f   mfc140u:mfc140u.dll
 0001:0000c4f1       ?ActivateFrame@CFrameWnd@@UAEXH@Z 0040d4f1 f   mfc140u:mfc140u.dll
 0001:0000c4f7       ?GetMenu@CFrameWnd@@UBEPAVCMenu@@XZ 0040d4f7 f   mfc140u:mfc140u.dll
 0001:0000c4fd       ?SetMenu@CFrameWnd@@UAEHPAVCMenu@@@Z 0040d4fd f   mfc140u:mfc140u.dll
 0001:0000c503       ?SetMenuBarVisibility@CFrameWnd@@UAEXK@Z 0040d503 f   mfc140u:mfc140u.dll
 0001:0000c509       ?GetMenuBarVisibility@CFrameWnd@@UBEKXZ 0040d509 f   mfc140u:mfc140u.dll
 0001:0000c50f       ?SetMenuBarState@CFrameWnd@@UAEHK@Z 0040d50f f   mfc140u:mfc140u.dll
 0001:0000c515       ?GetMenuBarState@CFrameWnd@@UBEKXZ 0040d515 f   mfc140u:mfc140u.dll
 0001:0000c51b       ?EnableDocking@CFrameWnd@@QAEXK@Z 0040d51b f   mfc140u:mfc140u.dll
 0001:0000c521       ?DockControlBar@CFrameWnd@@QAEXPAVCControlBar@@IPBUtagRECT@@@Z 0040d521 f   mfc140u:mfc140u.dll
 0001:0000c527       ?BeginModalState@CFrameWnd@@UAEXXZ 0040d527 f   mfc140u:mfc140u.dll
 0001:0000c52d       ?EndModalState@CFrameWnd@@UAEXXZ 0040d52d f   mfc140u:mfc140u.dll
 0001:0000c533       ?OnSetPreviewMode@CFrameWnd@@UAEXHPAUCPrintPreviewState@@@Z 0040d533 f   mfc140u:mfc140u.dll
 0001:0000c539       ?GetMessageBar@CFrameWnd@@UAEPAVCWnd@@XZ 0040d539 f   mfc140u:mfc140u.dll
 0001:0000c53f       ?NegotiateBorderSpace@CFrameWnd@@UAEHIPAUtagRECT@@@Z 0040d53f f   mfc140u:mfc140u.dll
 0001:0000c545       ?OnCreateClient@CFrameWnd@@MAEHPAUtagCREATESTRUCTW@@PAUCCreateContext@@@Z 0040d545 f   mfc140u:mfc140u.dll
 0001:0000c54b       ??1CFrameWnd@@UAE@XZ       0040d54b f   mfc140u:mfc140u.dll
 0001:0000c551       ?IsFrameWnd@CFrameWnd@@UBEHXZ 0040d551 f   mfc140u:mfc140u.dll
 0001:0000c557       ?OnCmdMsg@CFrameWnd@@UAEHIHPAXPAUAFX_CMDHANDLERINFO@@@Z 0040d557 f   mfc140u:mfc140u.dll
 0001:0000c55d       ?OnUpdateFrameTitle@CFrameWnd@@UAEXH@Z 0040d55d f   mfc140u:mfc140u.dll
 0001:0000c563       ?OnUpdateFrameMenu@CFrameWnd@@UAEXPAUHMENU__@@@Z 0040d563 f   mfc140u:mfc140u.dll
 0001:0000c569       ?GetDefaultAccelerator@CFrameWnd@@UAEPAUHACCEL__@@XZ 0040d569 f   mfc140u:mfc140u.dll
 0001:0000c56f       ?PreTranslateMessage@CFrameWnd@@UAEHPAUtagMSG@@@Z 0040d56f f   mfc140u:mfc140u.dll
 0001:0000c575       ?DelayUpdateFrameMenu@CFrameWnd@@UAEXPAUHMENU__@@@Z 0040d575 f   mfc140u:mfc140u.dll
 0001:0000c57b       ?ExitHelpMode@CFrameWnd@@UAEXXZ 0040d57b f   mfc140u:mfc140u.dll
 0001:0000c581       ?PreCreateWindow@CFrameWnd@@MAEHAAUtagCREATESTRUCTW@@@Z 0040d581 f   mfc140u:mfc140u.dll
 0001:0000c587       ?OnCommand@CFrameWnd@@MAEHIJ@Z 0040d587 f   mfc140u:mfc140u.dll
 0001:0000c58d       ?PostNcDestroy@CFrameWnd@@MAEXXZ 0040d58d f   mfc140u:mfc140u.dll
 0001:0000c593       ?OnShowMenuBar@CFrameWnd@@MAEXXZ 0040d593 f   mfc140u:mfc140u.dll
 0001:0000c599       ?OnHideMenuBar@CFrameWnd@@MAEXXZ 0040d599 f   mfc140u:mfc140u.dll
 0001:0000c59f       ?OnCreate@CFrameWnd@@IAEHPAUtagCREATESTRUCTW@@@Z 0040d59f f   mfc140u:mfc140u.dll
 0001:0000c5a5       ?GetThisMessageMap@CFrameWnd@@KGPBUAFX_MSGMAP@@XZ 0040d5a5 f   mfc140u:mfc140u.dll
 0001:0000c5ab       ?EnableDocking@CControlBar@@QAEXK@Z 0040d5ab f   mfc140u:mfc140u.dll
 0001:0000c5b1       ??0CStatusBar@@QAE@XZ      0040d5b1 f   mfc140u:mfc140u.dll
 0001:0000c5b7       ?SetIndicators@CStatusBar@@QAEHPBIH@Z 0040d5b7 f   mfc140u:mfc140u.dll
 0001:0000c5bd       ??1CStatusBar@@UAE@XZ      0040d5bd f   mfc140u:mfc140u.dll
 0001:0000c5c3       ??0CToolBar@@QAE@XZ        0040d5c3 f   mfc140u:mfc140u.dll
 0001:0000c5c9       ?LoadToolBar@CToolBar@@QAEHPB_W@Z 0040d5c9 f   mfc140u:mfc140u.dll
 0001:0000c5cf       ??1CToolBar@@UAE@XZ        0040d5cf f   mfc140u:mfc140u.dll
 0001:0000c5d5       ??_U@YAPAXI@Z              0040d5d5 f   mfc140u:mfc140u.dll
 0001:0000c5db       ??_V@YAXPAX@Z              0040d5db f   mfc140u:mfc140u.dll
 0001:0000c5e1       ?OnFinalRelease@CCmdTarget@@UAEXXZ 0040d5e1 f   mfc140u:mfc140u.dll
 0001:0000c5e7       ?GetThisMessageMap@CCmdTarget@@KGPBUAFX_MSGMAP@@XZ 0040d5e7 f   mfc140u:mfc140u.dll
 0001:0000c5ed       ?GetInterfaceMap@CCmdTarget@@MBEPBUAFX_INTERFACEMAP@@XZ 0040d5ed f   mfc140u:mfc140u.dll
 0001:0000c5f3       ?Attach@CWnd@@QAEHPAUHWND__@@@Z 0040d5f3 f   mfc140u:mfc140u.dll
 0001:0000c5f9       ?Detach@CWnd@@QAEPAUHWND__@@XZ 0040d5f9 f   mfc140u:mfc140u.dll
 0001:0000c5ff       ?GetRuntimeClass@CListBox@@UBEPAUCRuntimeClass@@XZ 0040d5ff f   mfc140u:mfc140u.dll
 0001:0000c605       ?Create@CListBox@@UAEHKABUtagRECT@@PAVCWnd@@I@Z 0040d605 f   mfc140u:mfc140u.dll
 0001:0000c60b       ?DrawItem@CListBox@@UAEXPAUtagDRAWITEMSTRUCT@@@Z 0040d60b f   mfc140u:mfc140u.dll
 0001:0000c611       ?MeasureItem@CListBox@@UAEXPAUtagMEASUREITEMSTRUCT@@@Z 0040d611 f   mfc140u:mfc140u.dll
 0001:0000c617       ?CompareItem@CListBox@@UAEHPAUtagCOMPAREITEMSTRUCT@@@Z 0040d617 f   mfc140u:mfc140u.dll
 0001:0000c61d       ?DeleteItem@CListBox@@UAEXPAUtagDELETEITEMSTRUCT@@@Z 0040d61d f   mfc140u:mfc140u.dll
 0001:0000c623       ?VKeyToItem@CListBox@@UAEHII@Z 0040d623 f   mfc140u:mfc140u.dll
 0001:0000c629       ?CharToItem@CListBox@@UAEHII@Z 0040d629 f   mfc140u:mfc140u.dll
 0001:0000c62f       ??1CListBox@@UAE@XZ        0040d62f f   mfc140u:mfc140u.dll
 0001:0000c635       ?OnChildNotify@CListBox@@MAEHIIJPAJ@Z 0040d635 f   mfc140u:mfc140u.dll
 0001:0000c63b       ?GetThisClass@CWinThread@@SGPAUCRuntimeClass@@XZ 0040d63b f   mfc140u:mfc140u.dll
 0001:0000c641       ??0CWinThread@@QAE@XZ      0040d641 f   mfc140u:mfc140u.dll
 0001:0000c647       ?Run@CWinThread@@UAEHXZ    0040d647 f   mfc140u:mfc140u.dll
 0001:0000c64d       ?PreTranslateMessage@CWinThread@@UAEHPAUtagMSG@@@Z 0040d64d f   mfc140u:mfc140u.dll
 0001:0000c653       ?PumpMessage@CWinThread@@UAEHXZ 0040d653 f   mfc140u:mfc140u.dll
 0001:0000c659       ?OnIdle@CWinThread@@UAEHJ@Z 0040d659 f   mfc140u:mfc140u.dll
 0001:0000c65f       ?IsIdleMessage@CWinThread@@UAEHPAUtagMSG@@@Z 0040d65f f   mfc140u:mfc140u.dll
 0001:0000c665       ?ExitInstance@CWinThread@@UAEHXZ 0040d665 f   mfc140u:mfc140u.dll
 0001:0000c66b       ?ProcessWndProcException@CWinThread@@UAEJPAVCException@@PBUtagMSG@@@Z 0040d66b f   mfc140u:mfc140u.dll
 0001:0000c671       ?ProcessMessageFilter@CWinThread@@UAEHHPAUtagMSG@@@Z 0040d671 f   mfc140u:mfc140u.dll
 0001:0000c677       ?GetMainWnd@CWinThread@@UAEPAVCWnd@@XZ 0040d677 f   mfc140u:mfc140u.dll
 0001:0000c67d       ??1CWinThread@@UAE@XZ      0040d67d f   mfc140u:mfc140u.dll
 0001:0000c683       ?Delete@CWinThread@@UAEXXZ 0040d683 f   mfc140u:mfc140u.dll
 0001:0000c689       ?GetRuntimeClass@CListCtrl@@UBEPAUCRuntimeClass@@XZ 0040d689 f   mfc140u:mfc140u.dll
 0001:0000c68f       ?SetItemText@CListCtrl@@QAEHHHPB_W@Z 0040d68f f   mfc140u:mfc140u.dll
 0001:0000c695       ?DrawItem@CListCtrl@@UAEXPAUtagDRAWITEMSTRUCT@@@Z 0040d695 f   mfc140u:mfc140u.dll
 0001:0000c69b       ??1CListCtrl@@UAE@XZ       0040d69b f   mfc140u:mfc140u.dll
 0001:0000c6a1       ?OnChildNotify@CListCtrl@@MAEHIIJPAJ@Z 0040d6a1 f   mfc140u:mfc140u.dll
 0001:0000c6a7       ?GetMessageMap@CListCtrl@@MBEPBUAFX_MSGMAP@@XZ 0040d6a7 f   mfc140u:mfc140u.dll
 0001:0000c6ad       ?SetWindowTextW@CWnd@@QAEXPB_W@Z 0040d6ad f   mfc140u:mfc140u.dll
 0001:0000c6b3       ?ShowWindow@CWnd@@QAEHH@Z  0040d6b3 f   mfc140u:mfc140u.dll
 0001:0000c6b9       ?GetRuntimeClass@CDialog@@UBEPAUCRuntimeClass@@XZ 0040d6b9 f   mfc140u:mfc140u.dll
 0001:0000c6bf       ??0CCommandLineInfo@@QAE@XZ 0040d6bf f   mfc140u:mfc140u.dll
 0001:0000c6c5       ??1CCommandLineInfo@@UAE@XZ 0040d6c5 f   mfc140u:mfc140u.dll
 0001:0000c6cb       ?GetRuntimeClass@CWinApp@@UBEPAUCRuntimeClass@@XZ 0040d6cb f   mfc140u:mfc140u.dll
 0001:0000c6d1       ??0CWinApp@@QAE@PB_W@Z     0040d6d1 f   mfc140u:mfc140u.dll
 0001:0000c6d7       ?LoadStdProfileSettings@CWinApp@@IAEXI@Z 0040d6d7 f   mfc140u:mfc140u.dll
 0001:0000c6dd       ?SetRegistryKey@CWinApp@@IAEXPB_W@Z 0040d6dd f   mfc140u:mfc140u.dll
 0001:0000c6e3       ?GetProfileIntW@CWinApp@@UAEIPB_W0H@Z 0040d6e3 f   mfc140u:mfc140u.dll
 0001:0000c6e9       ?WriteProfileInt@CWinApp@@UAEHPB_W0H@Z 0040d6e9 f   mfc140u:mfc140u.dll
 0001:0000c6ef       ?GetProfileBinary@CWinApp@@UAEHPB_W0PAPAEPAI@Z 0040d6ef f   mfc140u:mfc140u.dll
 0001:0000c6f5       ?WriteProfileBinary@CWinApp@@UAEHPB_W0PAEI@Z 0040d6f5 f   mfc140u:mfc140u.dll
 0001:0000c6fb       ?InitLibId@CWinApp@@UAEXXZ 0040d6fb f   mfc140u:mfc140u.dll
 0001:0000c701       ?Register@CWinApp@@UAEHXZ  0040d701 f   mfc140u:mfc140u.dll
 0001:0000c707       ?Unregister@CWinApp@@UAEHXZ 0040d707 f   mfc140u:mfc140u.dll
 0001:0000c70d       ?AddDocTemplate@CWinApp@@QAEXPAVCDocTemplate@@@Z 0040d70d f   mfc140u:mfc140u.dll
 0001:0000c713       ?OpenDocumentFile@CWinApp@@UAEPAVCDocument@@PB_W@Z 0040d713 f   mfc140u:mfc140u.dll
 0001:0000c719       ?OpenDocumentFile@CWinApp@@UAEPAVCDocument@@PB_WH@Z 0040d719 f   mfc140u:mfc140u.dll
 0001:0000c71f       ?AddToRecentFileList@CWinApp@@UAEXPB_W@Z 0040d71f f   mfc140u:mfc140u.dll
 0001:0000c725       ?ParseCommandLine@CWinApp@@QAEXAAVCCommandLineInfo@@@Z 0040d725 f   mfc140u:mfc140u.dll
 0001:0000c72b       ?ProcessShellCommand@CWinApp@@QAEHAAVCCommandLineInfo@@@Z 0040d72b f   mfc140u:mfc140u.dll
 0001:0000c731       ?InitApplication@CWinApp@@UAEHXZ 0040d731 f   mfc140u:mfc140u.dll
 0001:0000c737       ?SaveAllModified@CWinApp@@UAEHXZ 0040d737 f   mfc140u:mfc140u.dll
 0001:0000c73d       ?DoMessageBox@CWinApp@@UAEHPB_WII@Z 0040d73d f   mfc140u:mfc140u.dll
 0001:0000c743       ?DoWaitCursor@CWinApp@@UAEXH@Z 0040d743 f   mfc140u:mfc140u.dll
 0001:0000c749       ?OnDDECommand@CWinApp@@UAEHPA_W@Z 0040d749 f   mfc140u:mfc140u.dll
 0001:0000c74f       ?WinHelpW@CWinApp@@UAEXKI@Z 0040d74f f   mfc140u:mfc140u.dll
 0001:0000c755       ?HtmlHelpW@CWinApp@@UAEXKI@Z 0040d755 f   mfc140u:mfc140u.dll
 0001:0000c75b       ?WinHelpInternal@CWinApp@@UAEXKI@Z 0040d75b f   mfc140u:mfc140u.dll
 0001:0000c761       ?RegisterWithRestartManager@CWinApp@@UAEJHABV?$CStringT@_WV?$StrTraitMFC_DLL@_WV?$ChTraitsCRT@_W@ATL@@@@@ATL@@@Z 0040d761 f   mfc140u:mfc140u.dll
 0001:0000c767       ?RegisterWithRestartManager@CWinApp@@UAEJPB_WKP6GKPAX@Z1KK@Z 0040d767 f   mfc140u:mfc140u.dll
 0001:0000c76d       ?ApplicationRecoveryCallback@CWinApp@@UAEKPAX@Z 0040d76d f   mfc140u:mfc140u.dll
 0001:0000c773       ?GetDataRecoveryHandler@CWinApp@@UAEPAVCDataRecoveryHandler@@XZ 0040d773 f   mfc140u:mfc140u.dll
 0001:0000c779       ?IsTaskbarInteractionEnabled@CWinApp@@UAEHXZ 0040d779 f   mfc140u:mfc140u.dll
 0001:0000c77f       ?InitInstance@CWinApp@@UAEHXZ 0040d77f f   mfc140u:mfc140u.dll
 0001:0000c785       ?ExitInstance@CWinApp@@UAEHXZ 0040d785 f   mfc140u:mfc140u.dll
 0001:0000c78b       ?RestartInstance@CWinApp@@UAEHXZ 0040d78b f   mfc140u:mfc140u.dll
 0001:0000c791       ?Run@CWinApp@@UAEHXZ       0040d791 f   mfc140u:mfc140u.dll
 0001:0000c797       ?OnIdle@CWinApp@@UAEHJ@Z   0040d797 f   mfc140u:mfc140u.dll
 0001:0000c79d       ?ProcessWndProcException@CWinApp@@UAEJPAVCException@@PBUtagMSG@@@Z 0040d79d f   mfc140u:mfc140u.dll
 0001:0000c7a3       ?LoadAppLangResourceDLL@CWinApp@@UAEPAUHINSTANCE__@@XZ 0040d7a3 f   mfc140u:mfc140u.dll
 0001:0000c7a9       ??1CWinApp@@UAE@XZ         0040d7a9 f   mfc140u:mfc140u.dll
 0001:0000c7af       ?GetThisMessageMap@CWinApp@@KGPBUAFX_MSGMAP@@XZ 0040d7af f   mfc140u:mfc140u.dll
 0001:0000c7b5       ?LoadSysPolicies@CWinApp@@UAEHXZ 0040d7b5 f   mfc140u:mfc140u.dll
 0001:0000c7bb       ??0CSingleDocTemplate@@QAE@IPAUCRuntimeClass@@00@Z 0040d7bb f   mfc140u:mfc140u.dll
 0001:0000c7c1       ?AfxMessageBox@@YGHIII@Z   0040d7c1 f   mfc140u:mfc140u.dll
 0001:0000c7c7       ?AfxOleInit@@YGHXZ         0040d7c7 f   mfc140u:mfc140u.dll
 0001:0000c7cd       ?AfxEnableControlContainer@@YAXPAVCOccManager@@@Z 0040d7cd f   mfc140u:mfc140u.dll
 0001:0000c7d3       ?Delete@CException@@QAEXXZ 0040d7d3 f   mfc140u:mfc140u.dll
 0001:0000c7d9       ?GetThisClass@CDocument@@SGPAUCRuntimeClass@@XZ 0040d7d9 f   mfc140u:mfc140u.dll
 0001:0000c7df       ??0CDocument@@QAE@XZ       0040d7df f   mfc140u:mfc140u.dll
 0001:0000c7e5       ?SetTitle@CDocument@@UAEXPB_W@Z 0040d7e5 f   mfc140u:mfc140u.dll
 0001:0000c7eb       ?SetPathName@CDocument@@UAEXPB_WH@Z 0040d7eb f   mfc140u:mfc140u.dll
 0001:0000c7f1       ?ClearPathName@CDocument@@UAEXXZ 0040d7f1 f   mfc140u:mfc140u.dll
 0001:0000c7f7       ?GetFirstViewPosition@CDocument@@UBEPAU__POSITION@@XZ 0040d7f7 f   mfc140u:mfc140u.dll
 0001:0000c7fd       ?GetNextView@CDocument@@UBEPAVCView@@AAPAU__POSITION@@@Z 0040d7fd f   mfc140u:mfc140u.dll
 0001:0000c803       ?OnChangedViewList@CDocument@@UAEXXZ 0040d803 f   mfc140u:mfc140u.dll
 0001:0000c809       ?DeleteContents@CDocument@@UAEXXZ 0040d809 f   mfc140u:mfc140u.dll
 0001:0000c80f       ?OnNewDocument@CDocument@@UAEHXZ 0040d80f f   mfc140u:mfc140u.dll
 0001:0000c815       ?OnOpenDocument@CDocument@@UAEHPB_W@Z 0040d815 f   mfc140u:mfc140u.dll
 0001:0000c81b       ?OnSaveDocument@CDocument@@UAEHPB_W@Z 0040d81b f   mfc140u:mfc140u.dll
 0001:0000c821       ?OnCloseDocument@CDocument@@UAEXXZ 0040d821 f   mfc140u:mfc140u.dll
 0001:0000c827       ?ReportSaveLoadException@CDocument@@UAEXPB_WPAVCException@@HI@Z 0040d827 f   mfc140u:mfc140u.dll
 0001:0000c82d       ?GetFile@CDocument@@UAEPAVCFile@@PB_WIPAVCFileException@@@Z 0040d82d f   mfc140u:mfc140u.dll
 0001:0000c833       ?ReleaseFile@CDocument@@UAEXPAVCFile@@H@Z 0040d833 f   mfc140u:mfc140u.dll
 0001:0000c839       ?OnRichPreviewUnload@CDocument@@UAEXXZ 0040d839 f   mfc140u:mfc140u.dll
 0001:0000c83f       ?LoadDocumentFromStream@CDocument@@UAEJPAUIStream@@K@Z 0040d83f f   mfc140u:mfc140u.dll
 0001:0000c845       ?GetThumbnail@CDocument@@UAEHIPAPAUHBITMAP__@@PAW4WTS_ALPHATYPE@@@Z 0040d845 f   mfc140u:mfc140u.dll
 0001:0000c84b       ?ClearChunkList@CDocument@@UAEXXZ 0040d84b f   mfc140u:mfc140u.dll
 0001:0000c851       ?SetChunkValue@CDocument@@UAEHPAUIFilterChunkValue@ATL@@@Z 0040d851 f   mfc140u:mfc140u.dll
 0001:0000c857       ?BeginReadChunks@CDocument@@UAEXXZ 0040d857 f   mfc140u:mfc140u.dll
 0001:0000c85d       ?ReadNextChunkValue@CDocument@@UAEHPAPAUIFilterChunkValue@ATL@@@Z 0040d85d f   mfc140u:mfc140u.dll
 0001:0000c863       ?RemoveChunk@CDocument@@UAEXABU_GUID@@K@Z 0040d863 f   mfc140u:mfc140u.dll
 0001:0000c869       ?FindChunk@CDocument@@UAEPAU__POSITION@@ABU_GUID@@K@Z 0040d869 f   mfc140u:mfc140u.dll
 0001:0000c86f       ?OnDocumentEvent@CDocument@@UAEXW4DocumentEvent@1@@Z 0040d86f f   mfc140u:mfc140u.dll
 0001:0000c875       ?CanCloseFrame@CDocument@@UAEHPAVCFrameWnd@@@Z 0040d875 f   mfc140u:mfc140u.dll
 0001:0000c87b       ?SaveModified@CDocument@@UAEHXZ 0040d87b f   mfc140u:mfc140u.dll
 0001:0000c881       ?PreCloseFrame@CDocument@@UAEXPAVCFrameWnd@@@Z 0040d881 f   mfc140u:mfc140u.dll
 0001:0000c887       ??1CDocument@@UAE@XZ       0040d887 f   mfc140u:mfc140u.dll
 0001:0000c88d       ?DoSave@CDocument@@UAEHPB_WH@Z 0040d88d f   mfc140u:mfc140u.dll
 0001:0000c893       ?DoFileSave@CDocument@@UAEHXZ 0040d893 f   mfc140u:mfc140u.dll
 0001:0000c899       ?UpdateFrameCounts@CDocument@@UAEXXZ 0040d899 f   mfc140u:mfc140u.dll
 0001:0000c89f       ?GetDefaultMenu@CDocument@@UAEPAUHMENU__@@XZ 0040d89f f   mfc140u:mfc140u.dll
 0001:0000c8a5       ?GetDefaultAccelerator@CDocument@@UAEPAUHACCEL__@@XZ 0040d8a5 f   mfc140u:mfc140u.dll
 0001:0000c8ab       ?OnIdle@CDocument@@UAEXXZ  0040d8ab f   mfc140u:mfc140u.dll
 0001:0000c8b1       ?OnFinalRelease@CDocument@@UAEXXZ 0040d8b1 f   mfc140u:mfc140u.dll
 0001:0000c8b7       ?OnLoadDocumentFromStream@CDocument@@UAEJPAUIStream@@K@Z 0040d8b7 f   mfc140u:mfc140u.dll
 0001:0000c8bd       ?OnPreviewHandlerQueryFocus@CDocument@@UAEJPAPAUHWND__@@@Z 0040d8bd f   mfc140u:mfc140u.dll
 0001:0000c8c3       ?OnPreviewHandlerTranslateAccelerator@CDocument@@UAEJPAUtagMSG@@@Z 0040d8c3 f   mfc140u:mfc140u.dll
 0001:0000c8c9       ?OnCreatePreviewFrame@CDocument@@UAEHXZ 0040d8c9 f   mfc140u:mfc140u.dll
 0001:0000c8cf       ?OnUnloadHandler@CDocument@@UAEXXZ 0040d8cf f   mfc140u:mfc140u.dll
 0001:0000c8d5       ?OnDrawThumbnail@CDocument@@UAEXAAVCDC@@PAUtagRECT@@@Z 0040d8d5 f   mfc140u:mfc140u.dll
 0001:0000c8db       ?OnCmdMsg@CDocument@@UAEHIHPAXPAUAFX_CMDHANDLERINFO@@@Z 0040d8db f   mfc140u:mfc140u.dll
 0001:0000c8e1       ?GetThisMessageMap@CDocument@@KGPBUAFX_MSGMAP@@XZ 0040d8e1 f   mfc140u:mfc140u.dll
 0001:0000c8e7       ?GetInterfaceMap@CDocument@@MBEPBUAFX_INTERFACEMAP@@XZ 0040d8e7 f   mfc140u:mfc140u.dll
 0001:0000c8ed       ?CreateObject@CRuntimeClass@@QAEPAVCObject@@XZ 0040d8ed f   mfc140u:mfc140u.dll
 0001:0000c8f3       ?AfxThrowInvalidArgException@@YGXXZ 0040d8f3 f   mfc140u:mfc140u.dll
 0001:0000c8f9       ?AfxThrowArchiveException@@YGXHPB_W@Z 0040d8f9 f   mfc140u:mfc140u.dll
 0001:0000c8ff       ?GetRuntimeClass@CObject@@UBEPAUCRuntimeClass@@XZ 0040d8ff f   mfc140u:mfc140u.dll
 0001:0000c905       ?Read@CArchive@@QAEIPAXI@Z 0040d905 f   mfc140u:mfc140u.dll
 0001:0000c90b       ?Write@CArchive@@QAEXPBXI@Z 0040d90b f   mfc140u:mfc140u.dll
 0001:0000c911       ?ReadCount@CArchive@@QAEKXZ 0040d911 f   mfc140u:mfc140u.dll
 0001:0000c917       ?WriteCount@CArchive@@QAEXK@Z 0040d917 f   mfc140u:mfc140u.dll
 0001:0000c91d       ?Create@CPlex@@SGPAU1@AAPAU1@II@Z 0040d91d f   mfc140u:mfc140u.dll
 0001:0000c923       ?FreeDataChain@CPlex@@QAEXXZ 0040d923 f   mfc140u:mfc140u.dll
 0001:0000c929       ?GetParentFrame@CWnd@@QBEPAVCFrameWnd@@XZ 0040d929 f   mfc140u:mfc140u.dll
 0001:0000c92f       ?SetWindowPos@CWnd@@QAEHPBV1@HHHHI@Z 0040d92f f   mfc140u:mfc140u.dll
 0001:0000c935       ?SetFocus@CWnd@@QAEPAV1@XZ 0040d935 f   mfc140u:mfc140u.dll
 0001:0000c93b       ?GetAccessibleChildCount@CWnd@@QAEJXZ 0040d93b f   mfc140u:mfc140u.dll
 0001:0000c941       ?GetAccessibleChild@CWnd@@QAEJUtagVARIANT@@PAPAUIDispatch@@@Z 0040d941 f   mfc140u:mfc140u.dll
 0001:0000c947       ?GetAccessibleName@CWnd@@QAEJUtagVARIANT@@PAPA_W@Z 0040d947 f   mfc140u:mfc140u.dll
 0001:0000c94d       ?GetAccessibilityLocation@CWnd@@QAEJUtagVARIANT@@PAJ111@Z 0040d94d f   mfc140u:mfc140u.dll
 0001:0000c953       ?GetAccessibilityHitTest@CWnd@@QAEJJJPAUtagVARIANT@@@Z 0040d953 f   mfc140u:mfc140u.dll
 0001:0000c959       ?Default@CWnd@@IAEJXZ      0040d959 f   mfc140u:mfc140u.dll
 0001:0000c95f       ?IsSelected@CView@@UBEHPBVCObject@@@Z 0040d95f f   mfc140u:mfc140u.dll
 0001:0000c965       ?OnDragEnter@CView@@UAEKPAVCOleDataObject@@KVCPoint@@@Z 0040d965 f   mfc140u:mfc140u.dll
 0001:0000c96b       ?OnDragOver@CView@@UAEKPAVCOleDataObject@@KVCPoint@@@Z 0040d96b f   mfc140u:mfc140u.dll
 0001:0000c971       ?OnDragLeave@CView@@UAEXXZ 0040d971 f   mfc140u:mfc140u.dll
 0001:0000c977       ?OnDrop@CView@@UAEHPAVCOleDataObject@@KVCPoint@@@Z 0040d977 f   mfc140u:mfc140u.dll
 0001:0000c97d       ?OnDropEx@CView@@UAEKPAVCOleDataObject@@KKVCPoint@@@Z 0040d97d f   mfc140u:mfc140u.dll
 0001:0000c983       ?OnDragScroll@CView@@UAEKKVCPoint@@@Z 0040d983 f   mfc140u:mfc140u.dll
[...]
 0002:00003ac8       __ehfuncinfo$?_Tidy_deallocate@?$basic_string@DU?$char_traits@D@std@@V?$allocator@D@2@@std@@AAEXXZ 00413ac8     ThreadWork.obj
 0002:00003aec       __unwindtable$?_Growmap@?$deque@PADV?$allocator@PAD@std@@@std@@AAEXI@Z 00413aec     QBuffer.obj
 0002:00003aec       __unwindtable$?_Growmap@?$deque@PAVCClient@@V?$allocator@PAVCClient@@@std@@@std@@AAEXI@Z 00413aec     QBuffer.obj
 0002:00003aec       __unwindtable$?_Growmap@?$deque@PAVCQBuffer@@V?$allocator@PAVCQBuffer@@@std@@@std@@AAEXI@Z 00413aec     QBuffer.obj
 0002:00003aec       __unwindtable$?_Growmap@?$deque@PAVCQUdpSendOver@@V?$allocator@PAVCQUdpSendOver@@@std@@@std@@AAEXI@Z 00413aec     QBuffer.obj
 0002:00003aec       __unwindtable$??$_Reallocate_for@V<lambda_9366063389c5f42a00a5088cf24e69de>@@PBD@?$basic_string@DU?$char_traits@D@std@@V?$allocator@D@2@@std@@AAEAAV01@IV<lambda_9366063389c5f42a00a5088cf24e69de>@@PBD@Z 00413aec     ThreadWork.obj
 0002:00003aec       __unwindtable$?overflow@?$basic_stringbuf@DU?$char_traits@D@std@@V?$allocator@D@2@@std@@MAEHH@Z 00413aec     ThreadWork.obj
 0002:00003af4       __ehfuncinfo$?_Growmap@?$deque@PADV?$allocator@PAD@std@@@std@@AAEXI@Z 00413af4     QBuffer.obj
 0002:00003af4       __ehfuncinfo$?_Growmap@?$deque@PAVCClient@@V?$allocator@PAVCClient@@@std@@@std@@AAEXI@Z 00413af4     QBuffer.obj
 0002:00003af4       __ehfuncinfo$?_Growmap@?$deque@PAVCQBuffer@@V?$allocator@PAVCQBuffer@@@std@@@std@@AAEXI@Z 00413af4     QBuffer.obj
 0002:00003af4       __ehfuncinfo$?_Growmap@?$deque@PAVCQUdpSendOver@@V?$allocator@PAVCQUdpSendOver@@@std@@@std@@AAEXI@Z 00413af4     QBuffer.obj
 0002:00003af4       __ehfuncinfo$??$_Reallocate_for@V<lambda_9366063389c5f42a00a5088cf24e69de>@@PBD@?$basic_string@DU?$char_traits@D@std@@V?$allocator@D@2@@std@@AAEAAV01@IV<lambda_9366063389c5f42a00a5088cf24e69de>@@PBD@Z 00413af4     ThreadWork.obj
 0002:00003af4       __ehfuncinfo$?overflow@?$basic_stringbuf@DU?$char_traits@D@std@@V?$allocator@D@2@@std@@MAEHH@Z 00413af4     ThreadWork.obj
 0002:00003b18       __unwindtable$?_Tidy@?$deque@PADV?$allocator@PAD@std@@@std@@AAEXXZ 00413b18     QBuffer.obj
 0002:00003b18       __unwindtable$?_Tidy@?$deque@PAVCClient@@V?$allocator@PAVCClient@@@std@@@std@@AAEXXZ 00413b18     QBuffer.obj
 0002:00003b18       __unwindtable$?_Tidy@?$deque@PAVCQBuffer@@V?$allocator@PAVCQBuffer@@@std@@@std@@AAEXXZ 00413b18     QBuffer.obj
 0002:00003b18       __unwindtable$?_Tidy@?$deque@PAVCQUdpSendOver@@V?$allocator@PAVCQUdpSendOver@@@std@@@std@@AAEXXZ 00413b18     QBuffer.obj
 0002:00003b28       __ehfuncinfo$?_Tidy@?$deque@PADV?$allocator@PAD@std@@@std@@AAEXXZ 00413b28     QBuffer.obj
 0002:00003b28       __ehfuncinfo$?_Tidy@?$deque@PAVCClient@@V?$allocator@PAVCClient@@@std@@@std@@AAEXXZ 00413b28     QBuffer.obj
 0002:00003b28       __ehfuncinfo$?_Tidy@?$deque@PAVCQBuffer@@V?$allocator@PAVCQBuffer@@@std@@@std@@AAEXXZ 00413b28     QBuffer.obj
 0002:00003b28       __ehfuncinfo$?_Tidy@?$deque@PAVCQUdpSendOver@@V?$allocator@PAVCQUdpSendOver@@@std@@@std@@AAEXXZ 00413b28     QBuffer.obj
 0002:00003b4c       __unwindtable$?PopCQBuffer@CQBuffer@@CAPAV1@HPBX@Z 00413b4c     QBuffer.obj
 0002:00003b54       __ehfuncinfo$?PopCQBuffer@CQBuffer@@CAPAV1@HPBX@Z 00413b54     QBuffer.obj
 0002:00003b78       __unwindtable$?PopQSendOver@CQUdpSendOver@@SAPAV1@PAVCMBuffer@@PAVCClient@@@Z 00413b78     QBuffer.obj
 0002:00003b80       __ehfuncinfo$?PopQSendOver@CQUdpSendOver@@SAPAV1@PAVCMBuffer@@PAVCClient@@@Z 00413b80     QBuffer.obj
 0002:00003ba4       __unwindtable$?PopClient@CClient@@SAPAV1@PAUsockaddr_in@@@Z 00413ba4     QBuffer.obj
 0002:00003bac       __ehfuncinfo$?PopClient@CClient@@SAPAV1@PAUsockaddr_in@@@Z 00413bac     QBuffer.obj
 0002:00003bd0       __unwindtable$??$?0K@?$_Tree_temp_node@V?$allocator@U?$_Tree_node@KPAX@std@@@std@@@std@@QAE@AAV?$allocator@U?$_Tree_node@KPAX@std@@@1@PAU?$_Tree_node@KPAX@1@$$QAK@Z 00413bd0     QBuffer.obj
 0002:00003bd8       __ehfuncinfo$??$?0K@?$_Tree_temp_node@V?$allocator@U?$_Tree_node@KPAX@std@@@std@@@std@@QAE@AAV?$allocator@U?$_Tree_node@KPAX@std@@@1@PAU?$_Tree_node@KPAX@1@$$QAK@Z 00413bd8     QBuffer.obj
 0002:00003c70       __unwindtable$??0?$basic_string@DU?$char_traits@D@std@@V?$allocator@D@2@@std@@QAE@ABV01@@Z 00413c70     ThreadWork.obj
 0002:00003c78       __ehfuncinfo$??0?$basic_string@DU?$char_traits@D@std@@V?$allocator@D@2@@std@@QAE@ABV01@@Z 00413c78     ThreadWork.obj
 0002:00003c9c       __unwindtable$??0?$basic_string@DU?$char_traits@D@std@@V?$allocator@D@2@@std@@QAE@QBD@Z 00413c9c     ThreadWork.obj
 0002:00003ca4       __ehfuncinfo$??0?$basic_string@DU?$char_traits@D@std@@V?$allocator@D@2@@std@@QAE@QBD@Z 00413ca4     ThreadWork.obj
 0002:00003cc8       __ehfuncinfo$??1CMBuffer@@QAE@XZ 00413cc8     ThreadWork.obj
 0002:00003cc8       __ehfuncinfo$??1_Sentry_base@?$basic_ostream@DU?$char_traits@D@std@@@std@@QAE@XZ 00413cc8     ThreadWork.obj
 0002:00003cc8       __ehfuncinfo$??1sentry@?$basic_ostream@DU?$char_traits@D@std@@@std@@QAE@XZ 00413cc8     ThreadWork.obj
 0002:00003cc8       __ehfuncinfo$?_Get_buffer_view@?$basic_stringbuf@DU?$char_traits@D@std@@V?$allocator@D@2@@std@@QBE?AU_Buffer_view@12@XZ 00413cc8     ThreadWork.obj
 0002:00003cc8       __ehfuncinfo$??1?$CMap@KKKK@@UAE@XZ 00413cc8     VServerView.obj
 0002:00003cc8       __ehfuncinfo$??1?$CMap@KKPADAAPAD@@UAE@XZ 00413cc8     VServerView.obj
 0002:00003cc8       __ehfuncinfo$??1CVServerView@@UAE@XZ 00413cc8     VServerView.obj
 0002:00003cec       __unwindtable$??0CThreadWork@@IAE@XZ 00413cec     ThreadWork.obj
 0002:00003d04       __ehfuncinfo$??0CThreadWork@@IAE@XZ 00413d04     ThreadWork.obj
 0002:00003d28       __unwindtable$?UDPRecvFrom@CThreadWork@@QAEHPAVCRecvOver@@@Z 00413d28     ThreadWork.obj
 0002:00003d30       __ehfuncinfo$?UDPRecvFrom@CThreadWork@@QAEHPAVCRecvOver@@@Z 00413d30     ThreadWork.obj
 0002:00003d54       __unwindtable$?RecvVoice@CThreadWork@@QAEXPAVCRecvOver@@H@Z 00413d54     ThreadWork.obj
 0002:00003d74       __ehfuncinfo$?RecvVoice@CThreadWork@@QAEXPAVCRecvOver@@H@Z 00413d74     ThreadWork.obj
 0002:00003d98       __unwindtable$?recvToken@CThreadWork@@QAEXPAVCRecvOver@@H@Z 00413d98     ThreadWork.obj
 0002:00003db0       __ehfuncinfo$?recvToken@CThreadWork@@QAEXPAVCRecvOver@@H@Z 00413db0     ThreadWork.obj
 0002:00003dd4       __unwindtable$?SendCommand@CThreadWork@@QAEXPAVCClient@@E@Z 00413dd4     ThreadWork.obj
 0002:00003de4       __ehfuncinfo$?SendCommand@CThreadWork@@QAEXPAVCClient@@E@Z 00413de4     ThreadWork.obj
 0002:00003e08       __unwindtable$?SendUUID@CThreadWork@@QAEXPAVCClient@@V?$basic_string@DU?$char_traits@D@std@@V?$allocator@D@2@@std@@@Z 00413e08     ThreadWork.obj
 0002:00003e20       __ehfuncinfo$?SendUUID@CThreadWork@@QAEXPAVCClient@@V?$basic_string@DU?$char_traits@D@std@@V?$allocator@D@2@@std@@@Z 00413e20     ThreadWork.obj
 0002:00003e44       __unwindtable$?UUIDToString@@YA?AV?$basic_string@DU?$char_traits@D@std@@V?$allocator@D@2@@std@@ABUUUID_Q@@@Z 00413e44     ThreadWork.obj
 0002:00003e4c       __ehfuncinfo$?UUIDToString@@YA?AV?$basic_string@DU?$char_traits@D@std@@V?$allocator@D@2@@std@@ABUUUID_Q@@@Z 00413e4c     ThreadWork.obj
 0002:00003e70       __unwindtable$?decryptTokenWinAPI@@YA?AV?$basic_string@DU?$char_traits@D@std@@V?$allocator@D@2@@std@@PBEHABV12@@Z 00413e70     ThreadWork.obj
 0002:00003e80       __ehfuncinfo$?decryptTokenWinAPI@@YA?AV?$basic_string@DU?$char_traits@D@std@@V?$allocator@D@2@@std@@PBEHABV12@@Z 00413e80     ThreadWork.obj
 0002:00003ea4       __unwindtable$??0?$basic_stringstream@DU?$char_traits@D@std@@V?$allocator@D@2@@std@@QAE@XZ 00413ea4     ThreadWork.obj
 0002:00003eb4       __ehfuncinfo$??0?$basic_stringstream@DU?$char_traits@D@std@@V?$allocator@D@2@@std@@QAE@XZ 00413eb4     ThreadWork.obj
 0002:00003ed8       __unwindtable$?str@?$basic_stringbuf@DU?$char_traits@D@std@@V?$allocator@D@2@@std@@QBE?AV?$basic_string@DU?$char_traits@D@std@@V?$allocator@D@2@@2@XZ 00413ed8     ThreadWork.obj
 0002:00003ee0       __ehfuncinfo$?str@?$basic_stringbuf@DU?$char_traits@D@std@@V?$allocator@D@2@@std@@QBE?AV?$basic_string@DU?$char_traits@D@std@@V?$allocator@D@2@@2@XZ 00413ee0     ThreadWork.obj
 0002:00003f04       __catchsym$??$?6U?$char_traits@D@std@@@std@@YAAAV?$basic_ostream@DU?$char_traits@D@std@@@0@AAV10@PBD@Z$11 00413f04     ThreadWork.obj
 0002:00003f14       __tryblocktable$??$?6U?$char_traits@D@std@@@std@@YAAAV?$basic_ostream@DU?$char_traits@D@std@@@0@AAV10@PBD@Z 00413f14     ThreadWork.obj
 0002:00003f28       __unwindtable$??$?6U?$char_traits@D@std@@@std@@YAAAV?$basic_ostream@DU?$char_traits@D@std@@@0@AAV10@PBD@Z 00413f28     ThreadWork.obj
 0002:00003f40       __ehfuncinfo$??$?6U?$char_traits@D@std@@@std@@YAAAV?$basic_ostream@DU?$char_traits@D@std@@@0@AAV10@PBD@Z 00413f40     ThreadWork.obj
 0002:00003f64       __unwindtable$??0sentry@?$basic_ostream@DU?$char_traits@D@std@@@std@@QAE@AAV12@@Z 00413f64     ThreadWork.obj
 0002:00003f6c       __ehfuncinfo$??0sentry@?$basic_ostream@DU?$char_traits@D@std@@@std@@QAE@AAV12@@Z 00413f6c     ThreadWork.obj
 0002:00003f90       __unwindtable$??$_Construct_n@PBEPBE@?$vector@EV?$allocator@E@std@@@std@@AAEXI$$QAPBE0@Z 00413f90     ThreadWork.obj
 0002:00003f98       __ehfuncinfo$??$_Construct_n@PBEPBE@?$vector@EV?$allocator@E@std@@@std@@AAEXI$$QAPBE0@Z 00413f98     ThreadWork.obj
 0002:00003fbc       __unwindtable$?InitInstance@CVServerApp@@UAEHXZ 00413fbc     VServer.obj
 0002:00003fcc       __ehfuncinfo$?InitInstance@CVServerApp@@UAEHXZ 00413fcc     VServer.obj
 0002:00003ff0       __unwindtable$?OnAppAbout@CVServerApp@@QAEXXZ 00413ff0     VServer.obj
 0002:00003ff8       __ehfuncinfo$?OnAppAbout@CVServerApp@@QAEXXZ 00413ff8     VServer.obj
 0002:0000401c       __catchsym$?GetAdapter@CDocument@@UAEPAUIDocument@ATL@@XZ$4 0041401c     VServerDoc.obj
 0002:0000402c       __unwindtable$?GetAdapter@CDocument@@UAEPAUIDocument@ATL@@XZ 0041402c     VServerDoc.obj
 0002:0000403c       __tryblocktable$?GetAdapter@CDocument@@UAEPAUIDocument@ATL@@XZ 0041403c     VServerDoc.obj
 0002:00004050       __ehfuncinfo$?GetAdapter@CDocument@@UAEPAUIDocument@ATL@@XZ 00414050     VServerDoc.obj
 0002:00004074       __ehfuncinfo$??0CVServerView@@IAE@XZ 00414074     VServerView.obj
 0002:00004098       __unwindtable$??0CVServerView@@IAE@XZ 00414098     VServerView.obj
 0002:000040c8       __unwindtable$?OnFindRider@CVServerView@@QAEXXZ 004140c8     VServerView.obj
 0002:000040e8       __ehfuncinfo$?OnFindRider@CVServerView@@QAEXXZ 004140e8     VServerView.obj
 0002:0000410c       __unwindtable$?OnIPSet@CVServerView@@QAEXXZ 0041410c     VServerView.obj
 0002:00004114       __ehfuncinfo$?OnIPSet@CVServerView@@QAEXXZ 00414114     VServerView.obj
 0002:00004138       __sehtable$?__scrt_common_main_seh@@YAHXZ 00414138     msvcrt:exe_wwinmain.obj
 0002:00004158       __sehtable$??_L@YGXPAXIIP6EX0@Z1@Z 00414158     msvcrt:ehvecctr.obj
 0002:00004178       __sehtable$??_M@YGXPAXIIP6EX0@Z@Z 00414178     msvcrt:ehvecdtr.obj
 0002:00004198       __sehtable$?__ArrayUnwind@@YGXPAXIIP6EX0@Z@Z 00414198     msvcrt:ehvecdtr.obj
 0002:000041b8       __sehtable$___scrt_is_nonwritable_in_current_image 004141b8     msvcrt:utility.obj
 0002:00004bd8       .idata$6                   00414bd8     ws2_32:WS2_32.dll
 0002:00004be4       .idata$6                   00414be4     mfc140u:mfc140u.dll
 0002:00004eaa       .idata$6                   00414eaa     kernel32:KERNEL32.dll
 0002:00004f2c       .idata$6                   00414f2c     user32:USER32.dll
 0002:00004fae       .idata$6                   00414fae     advapi32:ADVAPI32.dll
 0002:00004fbc       .idata$6                   00414fbc     comctl32:COMCTL32.dll
 0002:00004fca       .idata$6                   00414fca     wsock32:WSOCK32.dll
 0002:00005ad8       .idata$6                   00415ad8     msvcprt:MSVCP140.dll
 0002:00005bce       .idata$6                   00415bce     vcruntime:VCRUNTIME140.dll
 0002:00005de0       .idata$6                   00415de0     ucrt:api-ms-win-crt-runtime-l1-1-0.dll
 0002:00005e02       .idata$6                   00415e02     ucrt:api-ms-win-crt-string-l1-1-0.dll
 0002:00005e24       .idata$6                   00415e24     ucrt:api-ms-win-crt-convert-l1-1-0.dll
 0002:00005e46       .idata$6                   00415e46     ucrt:api-ms-win-crt-heap-l1-1-0.dll
 0002:00005e66       .idata$6                   00415e66     ucrt:api-ms-win-crt-utility-l1-1-0.dll
 0002:00005e88       .idata$6                   00415e88     ucrt:api-ms-win-crt-time-l1-1-0.dll
 0002:00005ea8       .idata$6                   00415ea8     ucrt:api-ms-win-crt-math-l1-1-0.dll
 0002:00005ec8       .idata$6                   00415ec8     ucrt:api-ms-win-crt-stdio-l1-1-0.dll
 0002:00005ee8       .idata$6                   00415ee8     ucrt:api-ms-win-crt-locale-l1-1-0.dll
 0003:00000000       ?indicators@@3PAIA         00416000     MainFrm.obj
 0003:0000077c       ?ts@@3VCTimeSpan@ATL@@B    0041677c     stdafx.obj
 0003:00000c98       ?is_initialized_as_dll@@3_NA 00416c98     msvcrt:utility.obj
 0003:00000c99       ?module_local_atexit_table_initialized@@3_NA 00416c99     msvcrt:utility.obj
 0003:00000c9c       ?module_local_atexit_table@@3U_onexit_table_t@@A 00416c9c     msvcrt:utility.obj
 0003:00000ca8       ?module_local_at_quick_exit_table@@3U_onexit_table_t@@A 00416ca8     msvcrt:utility.obj
 0003:00000cb4       ?g_tss_cv@@3U_RTL_CONDITION_VARIABLE@@A 00416cb4     msvcrt:thread_safe_statics.obj
 0003:00000cb8       ?g_tss_event@@3PAXA        00416cb8     msvcrt:thread_safe_statics.obj
 0003:00000cbc       ?g_tss_mutex@@3U_RTL_CRITICAL_SECTION@@A 00416cbc     msvcrt:thread_safe_statics.obj
 0003:00000cd4       ?g_sleep_condition_variable_cs@@3P6GHPAU_RTL_CONDITION_VARIABLE@@PAU_RTL_CRITICAL_SECTION@@K@ZA 00416cd4     msvcrt:thread_safe_statics.obj
 0003:00000cd8       ?g_wake_all_condition_variable@@3P6GXPAU_RTL_CONDITION_VARIABLE@@@ZA 00416cd8     msvcrt:thread_safe_statics.obj
 0003:00000d00       _GS_ExceptionRecord        00416d00     msvcrt:gs_report.obj
 0003:00000d50       _GS_ContextRecord          00416d50     msvcrt:gs_report.obj
 0004:00001020       $R000000                   00419020     VServer.res
 0004:00001688       $R000668                   00419688     VServer.res
 0004:00001970       $R000950                   00419970     VServer.res
 0004:00001a98       $R000A78                   00419a98     VServer.res
 0004:00002940       $R001920                   0041a940     VServer.res
 0004:000031e8       $R0021C8                   0041b1e8     VServer.res
 0004:00003750       $R002730                   0041b750     VServer.res
 0004:000053f8       $R0043D8                   0041d3f8     VServer.res
 0004:000060a0       $R005080                   0041e0a0     VServer.res
 0004:00006408       $R0053E8                   0041e408     VServer.res
 0004:00006490       $R005470                   0041e490     VServer.res
 0004:00006ad8       $R005AB8                   0041ead8     VServer.res
 0004:00006af8       $R005AD8                   0041eaf8     VServer.res
 0004:00006cb8       $R005C98                   0041ecb8     VServer.res
 0004:00006de8       $R005DC8                   0041ede8     VServer.res
 0004:00006ef0       $R005ED0                   0041eef0     VServer.res
 0004:00007018       $R005FF8                   0041f018     VServer.res
 0004:00007190       $R006170                   0041f190     VServer.res
 0004:00007470       $R006450                   0041f470     VServer.res
 0004:000075a8       $R006588                   0041f5a8     VServer.res
 0004:00007660       $R006640                   0041f660     VServer.res
 0004:00007688       $R006668                   0041f688     VServer.res
 0004:000077c0       $R0067A0                   0041f7c0     VServer.res
 0004:000077d8       $R0067B8                   0041f7d8     VServer.res
 0004:00007910       $R0068F0                   0041f910     VServer.res
 0004:00007928       $R006908                   0041f928     VServer.res
 0004:00007a60       $R006A40                   0041fa60     VServer.res
 0004:00007a78       $R006A58                   0041fa78     VServer.res
 0004:00007bb0       $R006B90                   0041fbb0     VServer.res
 0004:00007bc8       $R006BA8                   0041fbc8     VServer.res
 0004:00007d00       $R006CE0                   0041fd00     VServer.res
 0004:00007d18       $R006CF8                   0041fd18     VServer.res
 0004:00007e50       $R006E30                   0041fe50     VServer.res
 0004:00007e68       $R006E48                   0041fe68     VServer.res
 0004:00007fa0       $R006F80                   0041ffa0     VServer.res
 0004:00007fb8       $R006F98                   0041ffb8     VServer.res
 0004:000080f0       $R0070D0                   004200f0     VServer.res
 0004:00008108       $R0070E8                   00420108     VServer.res
 0004:00008240       $R007220                   00420240     VServer.res
 0004:00008258       $R007238                   00420258     VServer.res
 0004:00008390       $R007370                   00420390     VServer.res
 0004:000083a8       $R007388                   004203a8     VServer.res
 0004:000084e0       $R0074C0                   004204e0     VServer.res
 0004:000084f8       $R0074D8                   004204f8     VServer.res
 0004:00008630       $R007610                   00420630     VServer.res
 0004:00008648       $R007628                   00420648     VServer.res
 0004:00008780       $R007760                   00420780     VServer.res
 0004:00008798       $R007778                   00420798     VServer.res
 0004:000088d0       $R0078B0                   004208d0     VServer.res
 0004:000088e8       $R0078C8                   004208e8     VServer.res
 0004:000089d0       $R0079B0                   004209d0     VServer.res
 0004:00008a08       $R0079E8                   00420a08     VServer.res
 0004:00008ac0       $R007AA0                   00420ac0     VServer.res
 0004:00008c08       $R007BE8                   00420c08     VServer.res
 0004:00008cb0       $R007C90                   00420cb0     VServer.res
 0004:00008d38       $R007D18                   00420d38     VServer.res
 0004:00008d78       $R007D58                   00420d78     VServer.res
 0004:00008dc0       $R007DA0                   00420dc0     VServer.res
 0004:00008ea8       $R007E88                   00420ea8     VServer.res
 0004:00008f48       $R007F28                   00420f48     VServer.res
 0004:000090c8       $R0080A8                   004210c8     VServer.res
 0004:00009130       $R008110                   00421130     VServer.res
 0004:00009188       $R008168                   00421188     VServer.res
 0004:00009388       $R008368                   00421388     VServer.res
 0004:00009428       $R008408                   00421428     VServer.res
 0004:00009538       $R008518                   00421538     VServer.res
 0004:00009590       $R008570                   00421590     VServer.res
 0004:00009618       $R0085F8                   00421618     VServer.res
 0004:00009648       $R008628                   00421648     VServer.res
 0004:000097d0       $R0087B0                   004217d0     VServer.res
 0004:00009cc0       $R008CA0                   00421cc0     VServer.res
 0004:00009d70       $R008D50                   00421d70     VServer.res
 0004:0000a050       $R009030                   00422050     VServer.res
 0004:0000a2b8       $R009298                   004222b8     VServer.res
 0004:0000a760       $R009740                   00422760     VServer.res
 0004:0000a988       $R009968                   00422988     VServer.res
 0004:0000aa68       $R009A48                   00422a68     VServer.res
 0004:0000aa98       $R009A78                   00422a98     VServer.res
 0004:0000ab28       $R009B08                   00422b28     VServer.res
 0004:0000b068       $R00A048                   00423068     VServer.res
